Component: ARM Compiler 5.06 update 3 (build 300) Tool: armlink [4d35c9]

==============================================================================

Section Cross References

    stm32f10x_it.o(i.SysTick_Handler) refers to tasks.o(i.xTaskGetSchedulerState) for xTaskGetSchedulerState
    stm32f10x_it.o(i.SysTick_Handler) refers to port.o(i.xPortSysTickHandler) for xPortSysTickHandler
    stm32f10x_it.o(i.TIM3_IRQHandler) refers to stm32f10x_tim.o(i.TIM_GetITStatus) for TIM_GetITStatus
    stm32f10x_it.o(i.TIM3_IRQHandler) refers to mqtt.o(i.MQTT_PingREQ) for MQTT_PingREQ
    stm32f10x_it.o(i.TIM3_IRQHandler) refers to timer3.o(i.TIM3_ENABLE_2S) for TIM3_ENABLE_2S
    stm32f10x_it.o(i.TIM3_IRQHandler) refers to event_groups.o(i.xEventGroupClearBitsFromISR) for xEventGroupClearBitsFromISR
    stm32f10x_it.o(i.TIM3_IRQHandler) refers to tasks.o(i.xTaskResumeFromISR) for xTaskResumeFromISR
    stm32f10x_it.o(i.TIM3_IRQHandler) refers to stm32f10x_tim.o(i.TIM_Cmd) for TIM_Cmd
    stm32f10x_it.o(i.TIM3_IRQHandler) refers to stm32f10x_tim.o(i.TIM_ClearITPendingBit) for TIM_ClearITPendingBit
    stm32f10x_it.o(i.TIM3_IRQHandler) refers to mqtt.o(.data) for pingFlag
    stm32f10x_it.o(i.TIM3_IRQHandler) refers to main.o(.constdata) for PING_MODE
    stm32f10x_it.o(i.TIM3_IRQHandler) refers to main.o(.data) for Event_Handle
    stm32f10x_it.o(i.TIM4_IRQHandler) refers to stm32f10x_tim.o(i.TIM_GetITStatus) for TIM_GetITStatus
    stm32f10x_it.o(i.TIM4_IRQHandler) refers to rt_memcpy_v6.o(.text) for __aeabi_memcpy
    stm32f10x_it.o(i.TIM4_IRQHandler) refers to stm32f10x_tim.o(i.TIM_SetCounter) for TIM_SetCounter
    stm32f10x_it.o(i.TIM4_IRQHandler) refers to stm32f10x_tim.o(i.TIM_Cmd) for TIM_Cmd
    stm32f10x_it.o(i.TIM4_IRQHandler) refers to stm32f10x_tim.o(i.TIM_ClearITPendingBit) for TIM_ClearITPendingBit
    stm32f10x_it.o(i.TIM4_IRQHandler) refers to usart2.o(.data) for Usart2_RxCounter
    stm32f10x_it.o(i.TIM4_IRQHandler) refers to usart2.o(.bss) for Usart2_RxBuff
    stm32f10x_it.o(i.TIM4_IRQHandler) refers to mqtt.o(.data) for MQTT_RxDataInPtr
    stm32f10x_it.o(i.TIM4_IRQHandler) refers to mqtt.o(.bss) for MQTT_RxDataBuf
    stm32f10x_it.o(i.USART2_IRQHandler) refers to stm32f10x_usart.o(i.USART_GetITStatus) for USART_GetITStatus
    stm32f10x_it.o(i.USART2_IRQHandler) refers to event_groups.o(i.xEventGroupGetBitsFromISR) for xEventGroupGetBitsFromISR
    stm32f10x_it.o(i.USART2_IRQHandler) refers to stm32f10x_tim.o(i.TIM_Cmd) for TIM_Cmd
    stm32f10x_it.o(i.USART2_IRQHandler) refers to stm32f10x_tim.o(i.TIM_SetCounter) for TIM_SetCounter
    stm32f10x_it.o(i.USART2_IRQHandler) refers to main.o(.data) for Event_Handle
    stm32f10x_it.o(i.USART2_IRQHandler) refers to usart2.o(.bss) for Usart2_RxBuff
    stm32f10x_it.o(i.USART2_IRQHandler) refers to usart2.o(.data) for Usart2_RxCounter
    main.o(i.data_tx_to_buffer_task) refers to _printf_percent.o(.ARM.Collect$$_printf_percent$$00000000) for _printf_percent
    main.o(i.data_tx_to_buffer_task) refers to _printf_s.o(.ARM.Collect$$_printf_percent$$00000014) for _printf_s
    main.o(i.data_tx_to_buffer_task) refers to _printf_str.o(.text) for _printf_str
    main.o(i.data_tx_to_buffer_task) refers to rt_memclr_w.o(.text) for __aeabi_memclr4
    main.o(i.data_tx_to_buffer_task) refers to event_groups.o(i.xEventGroupWaitBits) for xEventGroupWaitBits
    main.o(i.data_tx_to_buffer_task) refers to __2sprintf.o(.text) for __2sprintf
    main.o(i.data_tx_to_buffer_task) refers to strlen.o(.text) for strlen
    main.o(i.data_tx_to_buffer_task) refers to queue.o(i.xQueueGenericReceive) for xQueueGenericReceive
    main.o(i.data_tx_to_buffer_task) refers to __2printf.o(.text) for __2printf
    main.o(i.data_tx_to_buffer_task) refers to port.o(i.vPortEnterCritical) for vPortEnterCritical
    main.o(i.data_tx_to_buffer_task) refers to mqtt.o(i.MQTT_PublishQs0) for MQTT_PublishQs0
    main.o(i.data_tx_to_buffer_task) refers to port.o(i.vPortExitCritical) for vPortExitCritical
    main.o(i.data_tx_to_buffer_task) refers to delay.o(i.delay_ms) for delay_ms
    main.o(i.data_tx_to_buffer_task) refers to main.o(.data) for Event_Handle
    main.o(i.data_tx_to_buffer_task) refers to main.o(.constdata) for DATA_TOPIC_NAME
    main.o(i.main) refers to misc.o(i.NVIC_PriorityGroupConfig) for NVIC_PriorityGroupConfig
    main.o(i.main) refers to delay.o(i.delay_init) for delay_init
    main.o(i.main) refers to usart1.o(i.usart1_init) for usart1_init
    main.o(i.main) refers to usart2.o(i.usart2_init) for usart2_init
    main.o(i.main) refers to timer4.o(i.tim4_init) for tim4_init
    main.o(i.main) refers to led.o(i.led_init) for led_init
    main.o(i.main) refers to dht11.o(i.dht11_init) for dht11_init
    main.o(i.main) refers to bh1750.o(i.iic_by30_init) for iic_by30_init
    main.o(i.main) refers to wifi.o(i.wifi_reset_io_init) for wifi_reset_io_init
    main.o(i.main) refers to mqtt.o(i.IoT_parameter_init) for IoT_parameter_init
[...]
    _printf_sizespec                         0x00000000   Number         0  printf_stubs.o ABSOLUTE
    _printf_widthprec                        0x00000000   Number         0  printf_stubs.o ABSOLUTE
    __ARM_exceptions_init                     - Undefined Weak Reference
    __alloca_initialize                       - Undefined Weak Reference
    __arm_preinit_                            - Undefined Weak Reference
    __cpp_initialize__aeabi_                  - Undefined Weak Reference
    __cxa_finalize                            - Undefined Weak Reference
    __sigvec_lookup                           - Undefined Weak Reference
    _atexit_init                              - Undefined Weak Reference
    _call_atexit_fns                          - Undefined Weak Reference
    _clock_init                               - Undefined Weak Reference
    _fp_trap_init                             - Undefined Weak Reference
    _fp_trap_shutdown                         - Undefined Weak Reference
    _get_lc_collate                           - Undefined Weak Reference
    _get_lc_monetary                          - Undefined Weak Reference
    _get_lc_time                              - Undefined Weak Reference
    _getenv_init                              - Undefined Weak Reference
    _handle_redirection                       - Undefined Weak Reference
    _init_alloc                               - Undefined Weak Reference
    _init_user_alloc                          - Undefined Weak Reference
    _initio                                   - Undefined Weak Reference
    _mutex_acquire                            - Undefined Weak Reference
    _mutex_release                            - Undefined Weak Reference
    _printf_fp_hex                            - Undefined Weak Reference
    _printf_mbtowc                            - Undefined Weak Reference
    _printf_wc                                - Undefined Weak Reference
    _rand_init                                - Undefined Weak Reference
    _signal_finish                            - Undefined Weak Reference
    _signal_init                              - Undefined Weak Reference
    _terminate_alloc                          - Undefined Weak Reference
    _terminate_user_alloc                     - Undefined Weak Reference
    _terminateio                              - Undefined Weak Reference
    __Vectors_Size                           0x00000130   Number         0  startup_stm32f10x_hd.o ABSOLUTE
    __Vectors                                0x08000000   Data           4  startup_stm32f10x_hd.o(RESET)
    __Vectors_End                            0x08000130   Data           0  startup_stm32f10x_hd.o(RESET)
    __main                                   0x08000131   Thumb Code     8  __main.o(!!!main)
    __scatterload                            0x08000139   Thumb Code     0  __scatter.o(!!!scatter)
    __scatterload_rt2                        0x08000139   Thumb Code    44  __scatter.o(!!!scatter)
    __scatterload_rt2_thumb_only             0x08000139   Thumb Code     0  __scatter.o(!!!scatter)
    __scatterload_null                       0x08000147   Thumb Code     0  __scatter.o(!!!scatter)
    __decompress                             0x0800016d   Thumb Code    90  __dczerorl2.o(!!dczerorl2)
    __decompress1                            0x0800016d   Thumb Code     0  __dczerorl2.o(!!dczerorl2)
    __scatterload_zeroinit                   0x080001c9   Thumb Code    28  __scatter_zi.o(!!handler_zi)
    _printf_n                                0x080001e5   Thumb Code     0  _printf_n.o(.ARM.Collect$$_printf_percent$$00000001)
    _printf_percent                          0x080001e5   Thumb Code     0  _printf_percent.o(.ARM.Collect$$_printf_percent$$00000000)
    _printf_p                                0x080001eb   Thumb Code     0  _printf_p.o(.ARM.Collect$$_printf_percent$$00000002)
    _printf_f                                0x080001f1   Thumb Code     0  _printf_f.o(.ARM.Collect$$_printf_percent$$00000003)
    _printf_e                                0x080001f7   Thumb Code     0  _printf_e.o(.ARM.Collect$$_printf_percent$$00000004)
    _printf_g                                0x080001fd   Thumb Code     0  _printf_g.o(.ARM.Collect$$_printf_percent$$00000005)
    _printf_a                                0x08000203   Thumb Code     0  _printf_a.o(.ARM.Collect$$_printf_percent$$00000006)
    _printf_ll                               0x08000209   Thumb Code     0  _printf_ll.o(.ARM.Collect$$_printf_percent$$00000007)
    _printf_i                                0x08000213   Thumb Code     0  _printf_i.o(.ARM.Collect$$_printf_percent$$00000008)
    _printf_d                                0x08000219   Thumb Code     0  _printf_d.o(.ARM.Collect$$_printf_percent$$00000009)
    _printf_u                                0x0800021f   Thumb Code     0  _printf_u.o(.ARM.Collect$$_printf_percent$$0000000A)
    _printf_o                                0x08000225   Thumb Code     0  _printf_o.o(.ARM.Collect$$_printf_percent$$0000000B)
    _printf_x                                0x0800022b   Thumb Code     0  _printf_x.o(.ARM.Collect$$_printf_percent$$0000000C)
    _printf_lli                              0x08000231   Thumb Code     0  _printf_lli.o(.ARM.Collect$$_printf_percent$$0000000D)
    _printf_lld                              0x08000237   Thumb Code     0  _printf_lld.o(.ARM.Collect$$_printf_percent$$0000000E)
    _printf_llu                              0x0800023d   Thumb Code     0  _printf_llu.o(.ARM.Collect$$_printf_percent$$0000000F)
    _printf_llo                              0x08000243   Thumb Code     0  _printf_llo.o(.ARM.Collect$$_printf_percent$$00000010)
    _printf_llx                              0x08000249   Thumb Code     0  _printf_llx.o(.ARM.Collect$$_printf_percent$$00000011)
    _printf_l                                0x0800024f   Thumb Code     0  _printf_l.o(.ARM.Collect$$_printf_percent$$00000012)
    _printf_c                                0x08000259   Thumb Code     0  _printf_c.o(.ARM.Collect$$_printf_percent$$00000013)
    _printf_s                                0x0800025f   Thumb Code     0  _printf_s.o(.ARM.Collect$$_printf_percent$$00000014)
    _printf_lc                               0x08000265   Thumb Code     0  _printf_lc.o(.ARM.Collect$$_printf_percent$$00000015)
    _printf_ls                               0x0800026b   Thumb Code     0  _printf_ls.o(.ARM.Collect$$_printf_percent$$00000016)
    _printf_percent_end                      0x08000271   Thumb Code     0  _printf_percent_end.o(.ARM.Collect$$_printf_percent$$00000017)
    __rt_lib_init                            0x08000275   Thumb Code     0  libinit.o(.ARM.Collect$$libinit$$00000000)
    __rt_lib_init_fp_1                       0x08000277   Thumb Code     0  libinit2.o(.ARM.Collect$$libinit$$00000002)
    __rt_lib_init_heap_1                     0x08000277   Thumb Code     0  libinit2.o(.ARM.Collect$$libinit$$0000000A)
    __rt_lib_init_lc_common                  0x08000277   Thumb Code     0  libinit2.o(.ARM.Collect$$libinit$$0000000F)
    __rt_lib_init_preinit_1                  0x08000277   Thumb Code     0  libinit2.o(.ARM.Collect$$libinit$$00000004)
    __rt_lib_init_rand_1                     0x08000277   Thumb Code     0  libinit2.o(.ARM.Collect$$libinit$$0000000E)
    __rt_lib_init_user_alloc_1               0x08000277   Thumb Code     0  libinit2.o(.ARM.Collect$$libinit$$0000000C)
    __rt_lib_init_lc_collate_1               0x0800027d   Thumb Code     0  libinit2.o(.ARM.Collect$$libinit$$00000011)
    __rt_lib_init_lc_ctype_2                 0x0800027d   Thumb Code     0  libinit2.o(.ARM.Collect$$libinit$$00000012)
    __rt_lib_init_lc_ctype_1                 0x08000289   Thumb Code     0  libinit2.o(.ARM.Collect$$libinit$$00000013)
    __rt_lib_init_lc_monetary_1              0x08000289   Thumb Code     0  libinit2.o(.ARM.Collect$$libinit$$00000015)
    __rt_lib_init_lc_numeric_2               0x08000289   Thumb Code     0  libinit2.o(.ARM.Collect$$libinit$$00000016)
    __rt_lib_init_alloca_1                   0x08000293   Thumb Code     0  libinit2.o(.ARM.Collect$$libinit$$0000002E)
    __rt_lib_init_argv_1                     0x08000293   Thumb Code     0  libinit2.o(.ARM.Collect$$libinit$$0000002C)
    __rt_lib_init_atexit_1                   0x08000293   Thumb Code     0  libinit2.o(.ARM.Collect$$libinit$$0000001B)
    __rt_lib_init_clock_1                    0x08000293   Thumb Code     0  libinit2.o(.ARM.Collect$$libinit$$00000021)
    __rt_lib_init_cpp_1                      0x08000293   Thumb Code     0  libinit2.o(.ARM.Collect$$libinit$$00000032)
    __rt_lib_init_exceptions_1               0x08000293   Thumb Code     0  libinit2.o(.ARM.Collect$$libinit$$00000030)
    __rt_lib_init_fp_trap_1                  0x08000293   Thumb Code     0  libinit2.o(.ARM.Collect$$libinit$$0000001F)
    __rt_lib_init_getenv_1                   0x08000293   Thumb Code     0  libinit2.o(.ARM.Collect$$libinit$$00000023)
    __rt_lib_init_lc_numeric_1               0x08000293   Thumb Code     0  libinit2.o(.ARM.Collect$$libinit$$00000017)
    __rt_lib_init_lc_time_1                  0x08000293   Thumb Code     0  libinit2.o(.ARM.Collect$$libinit$$00000019)
    __rt_lib_init_return                     0x08000293   Thumb Code     0  libinit2.o(.ARM.Collect$$libinit$$00000033)
    __rt_lib_init_signal_1                   0x08000293   Thumb Code     0  libinit2.o(.ARM.Collect$$libinit$$0000001D)
    __rt_lib_init_stdio_1                    0x08000293   Thumb Code     0  libinit2.o(.ARM.Collect$$libinit$$00000025)
    __rt_lib_shutdown                        0x08000295   Thumb Code     0  libshutdown.o(.ARM.Collect$$libshutdown$$00000000)
    __rt_lib_shutdown_cpp_1                  0x08000297   Thumb Code     0  libshutdown2.o(.ARM.Collect$$libshutdown$$00000002)
    __rt_lib_shutdown_fp_trap_1              0x08000297   Thumb Code     0  libshutdown2.o(.ARM.Collect$$libshutdown$$00000007)
    __rt_lib_shutdown_heap_1                 0x08000297   Thumb Code     0  libshutdown2.o(.ARM.Collect$$libshutdown$$0000000F)
    __rt_lib_shutdown_return                 0x08000297   Thumb Code     0  libshutdown2.o(.ARM.Collect$$libshutdown$$00000010)
    __rt_lib_shutdown_signal_1               0x08000297   Thumb Code     0  libshutdown2.o(.ARM.Collect$$libshutdown$$0000000A)
    __rt_lib_shutdown_stdio_1                0x08000297   Thumb Code     0  libshutdown2.o(.ARM.Collect$$libshutdown$$00000004)
    __rt_lib_shutdown_user_alloc_1           0x08000297   Thumb Code     0  libshutdown2.o(.ARM.Collect$$libshutdown$$0000000C)
    __rt_entry                               0x08000299   Thumb Code     0  __rtentry.o(.ARM.Collect$$rtentry$$00000000)
    __rt_entry_presh_1                       0x08000299   Thumb Code     0  __rtentry2.o(.ARM.Collect$$rtentry$$00000002)
    __rt_entry_sh                            0x08000299   Thumb Code     0  __rtentry4.o(.ARM.Collect$$rtentry$$00000004)
    __rt_entry_li                            0x0800029f   Thumb Code     0  __rtentry2.o(.ARM.Collect$$rtentry$$0000000A)
    __rt_entry_postsh_1                      0x0800029f   Thumb Code     0  __rtentry2.o(.ARM.Collect$$rtentry$$00000009)
    __rt_entry_main                          0x080002a3   Thumb Code     0  __rtentry2.o(.ARM.Collect$$rtentry$$0000000D)
    __rt_entry_postli_1                      0x080002a3   Thumb Code     0  __rtentry2.o(.ARM.Collect$$rtentry$$0000000C)
    __rt_exit                                0x080002ab   Thumb Code     0  rtexit.o(.ARM.Collect$$rtexit$$00000000)
    __rt_exit_ls                             0x080002ad   Thumb Code     0  rtexit2.o(.ARM.Collect$$rtexit$$00000003)
    __rt_exit_prels_1                        0x080002ad   Thumb Code     0  rtexit2.o(.ARM.Collect$$rtexit$$00000002)
    __rt_exit_exit                           0x080002b1   Thumb Code     0  rtexit2.o(.ARM.Collect$$rtexit$$00000004)
    SVC_Handler                              0x080002b9   Thumb Code    32  port.o(.emb_text)
    __asm___6_port_c_39a90d8d__prvStartFirstTask 0x080002dd   Thumb Code    28  port.o(.emb_text)
    PendSV_Handler                           0x080002fd   Thumb Code    72  port.o(.emb_text)
    vPortGetIPSR                             0x08000349   Thumb Code     6  port.o(.emb_text)
    Reset_Handler                            0x08000351   Thumb Code     8  startup_stm32f10x_hd.o(.text)
    ADC1_2_IRQHandler                        0x0800036b   Thumb Code     0  startup_stm32f10x_hd.o(.text)
    ADC3_IRQHandler                          0x0800036b   Thumb Code     0  startup_stm32f10x_hd.o(.text)
    CAN1_RX1_IRQHandler                      0x0800036b   Thumb Code     0  startup_stm32f10x_hd.o(.text)
    CAN1_SCE_IRQHandler                      0x0800036b   Thumb Code     0  startup_stm32f10x_hd.o(.text)
    DMA1_Channel1_IRQHandler                 0x0800036b   Thumb Code     0  startup_stm32f10x_hd.o(.text)
    DMA1_Channel2_IRQHandler                 0x0800036b   Thumb Code     0  startup_stm32f10x_hd.o(.text)
    DMA1_Channel3_IRQHandler                 0x0800036b   Thumb Code     0  startup_stm32f10x_hd.o(.text)
    DMA1_Channel4_IRQHandler                 0x0800036b   Thumb Code     0  startup_stm32f10x_hd.o(.text)
    DMA1_Channel5_IRQHandler                 0x0800036b   Thumb Code     0  startup_stm32f10x_hd.o(.text)
    DMA1_Channel6_IRQHandler                 0x0800036b   Thumb Code     0  startup_stm32f10x_hd.o(.text)
    DMA1_Channel7_IRQHandler                 0x0800036b   Thumb Code     0  startup_stm32f10x_hd.o(.text)
    DMA2_Channel1_IRQHandler                 0x0800036b   Thumb Code     0  startup_stm32f10x_hd.o(.text)
    DMA2_Channel2_IRQHandler                 0x0800036b   Thumb Code     0  startup_stm32f10x_hd.o(.text)
    DMA2_Channel3_IRQHandler                 0x0800036b   Thumb Code     0  startup_stm32f10x_hd.o(.text)
    DMA2_Channel4_5_IRQHandler               0x0800036b   Thumb Code     0  startup_stm32f10x_hd.o(.text)
    EXTI0_IRQHandler                         0x0800036b   Thumb Code     0  startup_stm32f10x_hd.o(.text)
    EXTI15_10_IRQHandler                     0x0800036b   Thumb Code     0  startup_stm32f10x_hd.o(.text)
    EXTI1_IRQHandler                         0x0800036b   Thumb Code     0  startup_stm32f10x_hd.o(.text)
    EXTI2_IRQHandler                         0x0800036b   Thumb Code     0  startup_stm32f10x_hd.o(.text)
    EXTI3_IRQHandler                         0x0800036b   Thumb Code     0  startup_stm32f10x_hd.o(.text)
    EXTI4_IRQHandler                         0x0800036b   Thumb Code     0  startup_stm32f10x_hd.o(.text)
    EXTI9_5_IRQHandler                       0x0800036b   Thumb Code     0  startup_stm32f10x_hd.o(.text)
    FLASH_IRQHandler                         0x0800036b   Thumb Code     0  startup_stm32f10x_hd.o(.text)
    FSMC_IRQHandler                          0x0800036b   Thumb Code     0  startup_stm32f10x_hd.o(.text)
    I2C1_ER_IRQHandler                       0x0800036b   Thumb Code     0  startup_stm32f10x_hd.o(.text)
    I2C1_EV_IRQHandler                       0x0800036b   Thumb Code     0  startup_stm32f10x_hd.o(.text)
    I2C2_ER_IRQHandler                       0x0800036b   Thumb Code     0  startup_stm32f10x_hd.o(.text)
    I2C2_EV_IRQHandler                       0x0800036b   Thumb Code     0  startup_stm32f10x_hd.o(.text)
    PVD_IRQHandler                           0x0800036b   Thumb Code     0  startup_stm32f10x_hd.o(.text)
    RCC_IRQHandler                           0x0800036b   Thumb Code     0  startup_stm32f10x_hd.o(.text)
    RTCAlarm_IRQHandler                      0x0800036b   Thumb Code     0  startup_stm32f10x_hd.o(.text)
    RTC_IRQHandler                           0x0800036b   Thumb Code     0  startup_stm32f10x_hd.o(.text)
    SDIO_IRQHandler                          0x0800036b   Thumb Code     0  startup_stm32f10x_hd.o(.text)
    SPI1_IRQHandler                          0x0800036b   Thumb Code     0  startup_stm32f10x_hd.o(.text)
    SPI2_IRQHandler                          0x0800036b   Thumb Code     0  startup_stm32f10x_hd.o(.text)
    SPI3_IRQHandler                          0x0800036b   Thumb Code     0  startup_stm32f10x_hd.o(.text)
    TAMPER_IRQHandler                        0x0800036b   Thumb Code     0  startup_stm32f10x_hd.o(.text)
    TIM1_BRK_IRQHandler                      0x0800036b   Thumb Code     0  startup_stm32f10x_hd.o(.text)
    TIM1_CC_IRQHandler                       0x0800036b   Thumb Code     0  startup_stm32f10x_hd.o(.text)
    TIM1_TRG_COM_IRQHandler                  0x0800036b   Thumb Code     0  startup_stm32f10x_hd.o(.text)
    TIM1_UP_IRQHandler                       0x0800036b   Thumb Code     0  startup_stm32f10x_hd.o(.text)
    TIM2_IRQHandler                          0x0800036b   Thumb Code     0  startup_stm32f10x_hd.o(.text)
    TIM5_IRQHandler                          0x0800036b   Thumb Code     0  startup_stm32f10x_hd.o(.text)
    TIM6_IRQHandler                          0x0800036b   Thumb Code     0  startup_stm32f10x_hd.o(.text)
    TIM7_IRQHandler                          0x0800036b   Thumb Code     0  startup_stm32f10x_hd.o(.text)
    TIM8_BRK_IRQHandler                      0x0800036b   Thumb Code     0  startup_stm32f10x_hd.o(.text)
    TIM8_CC_IRQHandler                       0x0800036b   Thumb Code     0  startup_stm32f10x_hd.o(.text)
    TIM8_TRG_COM_IRQHandler                  0x0800036b   Thumb Code     0  startup_stm32f10x_hd.o(.text)
    TIM8_UP_IRQHandler                       0x0800036b   Thumb Code     0  startup_stm32f10x_hd.o(.text)
    UART4_IRQHandler                         0x0800036b   Thumb Code     0  startup_stm32f10x_hd.o(.text)
    UART5_IRQHandler                         0x0800036b   Thumb Code     0  startup_stm32f10x_hd.o(.text)
    USART1_IRQHandler                        0x0800036b   Thumb Code     0  startup_stm32f10x_hd.o(.text)
    USART3_IRQHandler                        0x0800036b   Thumb Code     0  startup_stm32f10x_hd.o(.text)
    USBWakeUp_IRQHandler                     0x0800036b   Thumb Code     0  startup_stm32f10x_hd.o(.text)
    USB_HP_CAN1_TX_IRQHandler                0x0800036b   Thumb Code     0  startup_stm32f10x_hd.o(.text)
    USB_LP_CAN1_RX0_IRQHandler               0x0800036b   Thumb Code     0  startup_stm32f10x_hd.o(.text)
    WWDG_IRQHandler                          0x0800036b   Thumb Code     0  startup_stm32f10x_hd.o(.text)
    __user_initial_stackheap                 0x0800036d   Thumb Code     0  startup_stm32f10x_hd.o(.text)
    __use_no_semihosting                     0x08000391   Thumb Code     2  use_no_semi_2.o(.text)
    __c89vsprintf                            0x08000395   Thumb Code    32  c89vsprintf.o(.text)
    __2printf                                0x080003b9   Thumb Code    20  __2printf.o(.text)
    __2sprintf                               0x080003d1   Thumb Code    38  __2sprintf.o(.text)
    _printf_str                              0x080003fd   Thumb Code    82  _printf_str.o(.text)
    _printf_int_dec                          0x08000451   Thumb Code   104  _printf_dec.o(.text)
    _printf_longlong_hex                     0x080004c9   Thumb Code    86  _printf_hex_int_ll_ptr.o(.text)
    _printf_int_hex                          0x0800051f   Thumb Code    28  _printf_hex_int_ll_ptr.o(.text)
    _printf_ll_hex                           0x0800053b   Thumb Code    12  _printf_hex_int_ll_ptr.o(.text)
    _printf_hex_ptr                          0x08000547   Thumb Code    18  _printf_hex_int_ll_ptr.o(.text)
    __printf                                 0x0800055d   Thumb Code   388  __printf_flags_ss_wp.o(.text)
    strstr                                   0x080006e5   Thumb Code    36  strstr.o(.text)
    memcmp                                   0x08000709   Thumb Code    88  memcmp.o(.text)
    strlen                                   0x08000761   Thumb Code    62  strlen.o(.text)
    __aeabi_memcpy                           0x0800079f   Thumb Code     0  rt_memcpy_v6.o(.text)
    __rt_memcpy                              0x0800079f   Thumb Code   138  rt_memcpy_v6.o(.text)
    _memcpy_lastbytes                        0x08000805   Thumb Code     0  rt_memcpy_v6.o(.text)
    __aeabi_memset                           0x08000829   Thumb Code    16  aeabi_memset.o(.text)
    __aeabi_memclr                           0x08000839   Thumb Code     0  rt_memclr.o(.text)
    __rt_memclr                              0x08000839   Thumb Code    68  rt_memclr.o(.text)
    _memset                                  0x0800083d   Thumb Code     0  rt_memclr.o(.text)
    __aeabi_memclr4                          0x0800087d   Thumb Code     0  rt_memclr_w.o(.text)
    __aeabi_memclr8                          0x0800087d   Thumb Code     0  rt_memclr_w.o(.text)
    __rt_memclr_w                            0x0800087d   Thumb Code    78  rt_memclr_w.o(.text)
    _memset_w                                0x08000881   Thumb Code     0  rt_memclr_w.o(.text)
    __use_two_region_memory                  0x080008cb   Thumb Code     2  heapauxi.o(.text)
    __rt_heap_escrow$2region                 0x080008cd   Thumb Code     2  heapauxi.o(.text)
    __rt_heap_expand$2region                 0x080008cf   Thumb Code     2  heapauxi.o(.text)
    __I$use$semihosting                      0x080008d1   Thumb Code     0  use_no_semi.o(.text)
    __use_no_semihosting_swi                 0x080008d1   Thumb Code     2  use_no_semi.o(.text)
    _printf_pre_padding                      0x080008d3   Thumb Code    44  _printf_pad.o(.text)
    _printf_post_padding                     0x080008ff   Thumb Code    34  _printf_pad.o(.text)
    _printf_truncate_signed                  0x08000921   Thumb Code    18  _printf_truncate.o(.text)
    _printf_truncate_unsigned                0x08000933   Thumb Code    18  _printf_truncate.o(.text)
    _printf_int_common                       0x08000945   Thumb Code   178  _printf_intcommon.o(.text)
    _printf_charcount                        0x080009f7   Thumb Code    40  _printf_charcount.o(.text)
    _printf_char_common                      0x08000a2b   Thumb Code    32  _printf_char_common.o(.text)
    _sputc                                   0x08000a51   Thumb Code    10  _sputc.o(.text)
    _printf_cs_common                        0x08000a5b   Thumb Code    20  _printf_char.o(.text)
    _printf_char                             0x08000a6f   Thumb Code    16  _printf_char.o(.text)
    _printf_string                           0x08000a7f   Thumb Code     8  _printf_char.o(.text)
    _printf_char_file                        0x08000a89   Thumb Code    32  _printf_char_file.o(.text)
    _printf_wctomb                           0x08000aad   Thumb Code   182  _printf_wctomb.o(.text)
    _printf_longlong_dec                     0x08000b69   Thumb Code   108  _printf_longlong_dec.o(.text)
    _printf_longlong_oct                     0x08000be5   Thumb Code    68  _printf_oct_int_ll.o(.text)
    _printf_int_oct                          0x08000c29   Thumb Code    24  _printf_oct_int_ll.o(.text)
    _printf_ll_oct                           0x08000c41   Thumb Code    12  _printf_oct_int_ll.o(.text)
    __aeabi_memcpy4                          0x08000c55   Thumb Code     0  rt_memcpy_w.o(.text)
    __aeabi_memcpy8                          0x08000c55   Thumb Code     0  rt_memcpy_w.o(.text)
    __rt_memcpy_w                            0x08000c55   Thumb Code   100  rt_memcpy_w.o(.text)
    _memcpy_lastbytes_aligned                0x08000c9d   Thumb Code     0  rt_memcpy_w.o(.text)
    _ll_udiv10                               0x08000cb9   Thumb Code   138  lludiv10.o(.text)
    __lib_sel_fp_printf                      0x08000d43   Thumb Code     2  _printf_fp_dec.o(.text)
    _printf_fp_dec_real                      0x08000ef1   Thumb Code   620  _printf_fp_dec.o(.text)
    _printf_lcs_common                       0x0800115d   Thumb Code    20  _printf_wchar.o(.text)
    _printf_wchar                            0x08001171   Thumb Code    16  _printf_wchar.o(.text)
    _printf_wstring                          0x08001181   Thumb Code     8  _printf_wchar.o(.text)
    ferror                                   0x08001189   Thumb Code     8  ferror.o(.text)
    _wcrtomb                                 0x08001191   Thumb Code    64  _wcrtomb.o(.text)
    __user_setup_stackheap                   0x080011d1   Thumb Code    74  sys_stackheap_outer.o(.text)
    __rt_ctype_table                         0x0800121d   Thumb Code    16  rt_ctype_table.o(.text)
    __rt_locale                              0x0800122d   Thumb Code     8  rt_locale_intlibspace.o(.text)
    _printf_fp_infnan                        0x08001235   Thumb Code   112  _printf_fp_infnan.o(.text)
    _btod_etento                             0x080012b5   Thumb Code   216  bigflt0.o(.text)
    exit                                     0x08001391   Thumb Code    18  exit.o(.text)
    __user_libspace                          0x080013a5   Thumb Code     8  libspace.o(.text)
    __user_perproc_libspace                  0x080013a5   Thumb Code     0  libspace.o(.text)
    __user_perthread_libspace                0x080013a5   Thumb Code     0  libspace.o(.text)
    strcmp                                   0x080013ad   Thumb Code   128  strcmpv7m.o(.text)
    _btod_d2e                                0x0800142d   Thumb Code    62  btod.o(CL$$btod_d2e)
    _d2e_denorm_low                          0x0800146b   Thumb Code    70  btod.o(CL$$btod_d2e_denorm_low)
    _d2e_norm_op1                            0x080014b1   Thumb Code    96  btod.o(CL$$btod_d2e_norm_op1)
    __btod_div_common                        0x08001511   Thumb Code   696  btod.o(CL$$btod_div_common)
    _e2e                                     0x08001849   Thumb Code   198  btod.o(CL$$btod_e2e)
    _btod_ediv                               0x0800190f   Thumb Code    40  btod.o(CL$$btod_ediv)
    _btod_emul                               0x08001937   Thumb Code    40  btod.o(CL$$btod_emul)
    __btod_mult_common                       0x0800195f   Thumb Code   580  btod.o(CL$$btod_mult_common)
    BH1750_RecvACK                           0x08001ba5   Thumb Code    92  bh1750.o(i.BH1750_RecvACK)
    BH1750_RecvByte                          0x08001c0d   Thumb Code    96  bh1750.o(i.BH1750_RecvByte)
    BH1750_SendACK                           0x08001c79   Thumb Code    78  bh1750.o(i.BH1750_SendACK)
    BH1750_SendByte                          0x08001cd5   Thumb Code   106  bh1750.o(i.BH1750_SendByte)
    BH1750_Start                             0x08001d4d   Thumb Code    64  bh1750.o(i.BH1750_Start)
    BH1750_Stop                              0x08001d99   Thumb Code    58  bh1750.o(i.BH1750_Stop)
    BusFault_Handler                         0x08001de1   Thumb Code     2  stm32f10x_it.o(i.BusFault_Handler)
    CMDBuf_Deal                              0x08001de5   Thumb Code    96  mqtt.o(i.CMDBuf_Deal)
    DHT11_Check                              0x08001e51   Thumb Code   102  dht11.o(i.DHT11_Check)
    DHT11_Read_Bit                           0x08001ebd   Thumb Code    84  dht11.o(i.DHT11_Read_Bit)
    DHT11_Read_Byte                          0x08001f15   Thumb Code    30  dht11.o(i.DHT11_Read_Byte)
    DHT11_Rst                                0x08001f35   Thumb Code    58  dht11.o(i.DHT11_Rst)
    DebugMon_Handler                         0x08001f75   Thumb Code     2  stm32f10x_it.o(i.DebugMon_Handler)
    GPIO_Init                                0x08001f77   Thumb Code   278  stm32f10x_gpio.o(i.GPIO_Init)
    GPIO_ReadInputDataBit                    0x0800208d   Thumb Code    18  stm32f10x_gpio.o(i.GPIO_ReadInputDataBit)
    GPIO_ResetBits                           0x0800209f   Thumb Code     4  stm32f10x_gpio.o(i.GPIO_ResetBits)
    GPIO_SetBits                             0x080020a3   Thumb Code     4  stm32f10x_gpio.o(i.GPIO_SetBits)
    GPIO_WriteBit                            0x080020a7   Thumb Code    10  stm32f10x_gpio.o(i.GPIO_WriteBit)
    HardFault_Handler                        0x080020b1   Thumb Code     2  stm32f10x_it.o(i.HardFault_Handler)
    IoT_parameter_init                       0x080020b5   Thumb Code   150  mqtt.o(i.IoT_parameter_init)
    MQTT_Buff_Init                           0x080021c9   Thumb Code    74  mqtt.o(i.MQTT_Buff_Init)
    MQTT_ConectPack                          0x08002255   Thumb Code   496  mqtt.o(i.MQTT_ConectPack)
    MQTT_DealPushdata_Qs0                    0x0800246d   Thumb Code   234  mqtt.o(i.MQTT_DealPushdata_Qs0)
    MQTT_PingREQ                             0x08002575   Thumb Code    22  mqtt.o(i.MQTT_PingREQ)
    MQTT_PublishQs0                          0x08002591   Thumb Code   220  mqtt.o(i.MQTT_PublishQs0)
    MemManage_Handler                        0x0800267d   Thumb Code     2  stm32f10x_it.o(i.MemManage_Handler)
    Multiple_Read_BH1750                     0x08002681   Thumb Code    56  bh1750.o(i.Multiple_Read_BH1750)
    NMI_Handler                              0x080026bd   Thumb Code     2  stm32f10x_it.o(i.NMI_Handler)
    NVIC_Init                                0x080026c1   Thumb Code   100  misc.o(i.NVIC_Init)
    NVIC_PriorityGroupConfig                 0x08002731   Thumb Code    10  misc.o(i.NVIC_PriorityGroupConfig)
    RCC_APB1PeriphClockCmd                   0x08002745   Thumb Code    26  stm32f10x_rcc.o(i.RCC_APB1PeriphClockCmd)
    RCC_APB1PeriphResetCmd                   0x08002765   Thumb Code    26  stm32f10x_rcc.o(i.RCC_APB1PeriphResetCmd)
    RCC_APB2PeriphClockCmd                   0x08002785   Thumb Code    26  stm32f10x_rcc.o(i.RCC_APB2PeriphClockCmd)
    RCC_APB2PeriphResetCmd                   0x080027a5   Thumb Code    26  stm32f10x_rcc.o(i.RCC_APB2PeriphResetCmd)
    RCC_GetClocksFreq                        0x080027c5   Thumb Code   192  stm32f10x_rcc.o(i.RCC_GetClocksFreq)
    Single_Write_BH1750                      0x08002981   Thumb Code    34  bh1750.o(i.Single_Write_BH1750)
    SysTick_CLKSourceConfig                  0x080029a3   Thumb Code    40  misc.o(i.SysTick_CLKSourceConfig)
    SysTick_Handler                          0x080029cb   Thumb Code    16  stm32f10x_it.o(i.SysTick_Handler)
    SystemInit                               0x080029dd   Thumb Code    78  system_stm32f10x.o(i.SystemInit)
    TIM3_ENABLE_2S                           0x08002a3d   Thumb Code   108  timer3.o(i.TIM3_ENABLE_2S)
    TIM3_ENABLE_30S                          0x08002aad   Thumb Code   108  timer3.o(i.TIM3_ENABLE_30S)
    TIM3_IRQHandler                          0x08002b1d   Thumb Code   108  stm32f10x_it.o(i.TIM3_IRQHandler)
    TIM4_IRQHandler                          0x08002b9d   Thumb Code   122  stm32f10x_it.o(i.TIM4_IRQHandler)
    TIM_ClearITPendingBit                    0x08002c35   Thumb Code     6  stm32f10x_tim.o(i.TIM_ClearITPendingBit)
    TIM_Cmd                                  0x08002c3b   Thumb Code    24  stm32f10x_tim.o(i.TIM_Cmd)
    TIM_DeInit                               0x08002c55   Thumb Code   424  stm32f10x_tim.o(i.TIM_DeInit)
    TIM_GetITStatus                          0x08002e3d   Thumb Code    34  stm32f10x_tim.o(i.TIM_GetITStatus)
    TIM_ITConfig                             0x08002e5f   Thumb Code    18  stm32f10x_tim.o(i.TIM_ITConfig)
    TIM_SetCounter                           0x08002e71   Thumb Code     4  stm32f10x_tim.o(i.TIM_SetCounter)
    TIM_TimeBaseInit                         0x08002e75   Thumb Code   122  stm32f10x_tim.o(i.TIM_TimeBaseInit)
    TxDataBuf_Deal                           0x08002f19   Thumb Code    86  mqtt.o(i.TxDataBuf_Deal)
    USART2_IRQHandler                        0x08002f7d   Thumb Code   112  stm32f10x_it.o(i.USART2_IRQHandler)
    USART_ClearFlag                          0x08003001   Thumb Code    18  stm32f10x_usart.o(i.USART_ClearFlag)
    USART_Cmd                                0x08003013   Thumb Code    24  stm32f10x_usart.o(i.USART_Cmd)
    USART_DeInit                             0x0800302d   Thumb Code   134  stm32f10x_usart.o(i.USART_DeInit)
    USART_GetITStatus                        0x080030c9   Thumb Code    84  stm32f10x_usart.o(i.USART_GetITStatus)
    USART_ITConfig                           0x0800311d   Thumb Code    74  stm32f10x_usart.o(i.USART_ITConfig)
    USART_Init                               0x08003169   Thumb Code   210  stm32f10x_usart.o(i.USART_Init)
    UsageFault_Handler                       0x08003241   Thumb Code     2  stm32f10x_it.o(i.UsageFault_Handler)
    WiFi_Connect_IoTServer                   0x08003245   Thumb Code   224  wifi.o(i.WiFi_Connect_IoTServer)
    WiFi_Connect_Server                      0x08003529   Thumb Code   190  wifi.o(i.WiFi_Connect_Server)
    WiFi_JoinAP                              0x0800367d   Thumb Code    88  wifi.o(i.WiFi_JoinAP)
    WiFi_Reset                               0x08003719   Thumb Code    88  wifi.o(i.WiFi_Reset)
    WiFi_SendCmd                             0x08003789   Thumb Code    86  wifi.o(i.WiFi_SendCmd)
    __ARM_fpclassify                         0x080037fd   Thumb Code    40  fpclassify.o(i.__ARM_fpclassify)
    _is_digit                                0x08003825   Thumb Code    14  __printf_wp.o(i._is_digit)
    _sys_exit                                0x08003833   Thumb Code     4  usart1.o(i._sys_exit)
    data_tx_to_buffer_task                   0x08003839   Thumb Code   194  main.o(i.data_tx_to_buffer_task)
    delay_init                               0x08003919   Thumb Code    70  delay.o(i.delay_init)
    delay_ms                                 0x08003971   Thumb Code    60  delay.o(i.delay_ms)
    delay_us                                 0x080039b1   Thumb Code    68  delay.o(i.delay_us)
    dht11_init                               0x080039f9   Thumb Code    46  dht11.o(i.dht11_init)
    dht11_read_data                          0x08003a2d   Thumb Code    92  dht11.o(i.dht11_read_data)
    fputc                                    0x08003a89   Thumb Code    24  usart1.o(i.fputc)
    get_sunlight_value                       0x08003aa5   Thumb Code    68  bh1750.o(i.get_sunlight_value)
    iic_by30_init                            0x08003aed   Thumb Code    52  bh1750.o(i.iic_by30_init)
    led1_off                                 0x08003b2d   Thumb Code    12  led.o(i.led1_off)
    led1_on                                  0x08003b3d   Thumb Code    12  led.o(i.led1_on)
    led2_off                                 0x08003b4d   Thumb Code    14  led.o(i.led2_off)
    led2_on                                  0x08003b61   Thumb Code    14  led.o(i.led2_on)
    led_init                                 0x08003b75   Thumb Code    84  led.o(i.led_init)
    main                                     0x08003bd1   Thumb Code    90  main.o(i.main)
    mqtt_buffer_rx_tx_task                   0x08003c45   Thumb Code   436  main.o(i.mqtt_buffer_rx_tx_task)
    my_dht11_task                            0x08003fa9   Thumb Code    82  main.o(i.my_dht11_task)
    my_led2_task                             0x08004029   Thumb Code    50  main.o(i.my_led2_task)
    my_mqtt_buffer_cmd_task                  0x08004061   Thumb Code   300  main.o(i.my_mqtt_buffer_cmd_task)
    my_start_task                            0x080041fd   Thumb Code   200  main.o(i.my_start_task)
    my_sun_task                              0x0800438d   Thumb Code    74  main.o(i.my_sun_task)
    pvPortMalloc                             0x08004f7d   Thumb Code   262  heap_4.o(i.pvPortMalloc)
    pvTaskIncrementMutexHeldCount            0x080050d1   Thumb Code    26  tasks.o(i.pvTaskIncrementMutexHeldCount)
    pxPortInitialiseStack                    0x080050f1   Thumb Code    30  port.o(i.pxPortInitialiseStack)
    send_data                                0x08005115   Thumb Code    98  control.o(i.send_data)
    tim4_init                                0x08005191   Thumb Code    98  timer4.o(i.tim4_init)
    u2_TxData                                0x080051f9   Thumb Code    58  usart2.o(i.u2_TxData)
    u2_printf                                0x08005239   Thumb Code    84  usart2.o(i.u2_printf)
    usart1_init                              0x08005295   Thumb Code   118  usart1.o(i.usart1_init)
    usart2_init                              0x08005315   Thumb Code   170  usart2.o(i.usart2_init)
    uxListRemove                             0x080053c9   Thumb Code    40  list.o(i.uxListRemove)
    uxTaskResetEventItemValue                0x080053f1   Thumb Code    24  tasks.o(i.uxTaskResetEventItemValue)
    vEventGroupClearBitsCallback             0x0800540d   Thumb Code    16  event_groups.o(i.vEventGroupClearBitsCallback)
    vListInitialise                          0x0800541d   Thumb Code    26  list.o(i.vListInitialise)
    vListInitialiseItem                      0x08005437   Thumb Code     6  list.o(i.vListInitialiseItem)
    vListInsert                              0x0800543d   Thumb Code    52  list.o(i.vListInsert)
    vListInsertEnd                           0x08005471   Thumb Code    24  list.o(i.vListInsertEnd)
    vPortEnterCritical                       0x08005489   Thumb Code    68  port.o(i.vPortEnterCritical)
    vPortExitCritical                        0x08005511   Thumb Code    48  port.o(i.vPortExitCritical)
    vPortFree                                0x08005581   Thumb Code   120  heap_4.o(i.vPortFree)
    vPortSetupTimerInterrupt                 0x08005639   Thumb Code    26  port.o(i.vPortSetupTimerInterrupt)
    vPortValidateInterruptPriority           0x08005659   Thumb Code    86  port.o(i.vPortValidateInterruptPriority)
    vQueueAddToRegistry                      0x080056f9   Thumb Code    38  queue.o(i.vQueueAddToRegistry)
    vQueueWaitForMessageRestricted           0x08005725   Thumb Code    74  queue.o(i.vQueueWaitForMessageRestricted)
    vTaskDelay                               0x08005771   Thumb Code    72  tasks.o(i.vTaskDelay)
    vTaskDelete                              0x080057e5   Thumb Code   192  tasks.o(i.vTaskDelete)
    vTaskMissedYield                         0x080058f1   Thumb Code     8  tasks.o(i.vTaskMissedYield)
    vTaskPlaceOnEventList                    0x080058fd   Thumb Code    42  tasks.o(i.vTaskPlaceOnEventList)
    vTaskPlaceOnEventListRestricted          0x08005951   Thumb Code    50  tasks.o(i.vTaskPlaceOnEventListRestricted)
    vTaskPlaceOnUnorderedEventList           0x080059ad   Thumb Code    80  tasks.o(i.vTaskPlaceOnUnorderedEventList)
    vTaskPriorityInherit                     0x08005a29   Thumb Code   164  tasks.o(i.vTaskPriorityInherit)
    vTaskResume                              0x08005ad9   Thumb Code   118  tasks.o(i.vTaskResume)
    vTaskSetTimeOutState                     0x08005b85   Thumb Code    32  tasks.o(i.vTaskSetTimeOutState)
    vTaskStartScheduler                      0x08005bd1   Thumb Code   108  tasks.o(i.vTaskStartScheduler)
    vTaskSuspend                             0x08005c7d   Thumb Code   186  tasks.o(i.vTaskSuspend)
    vTaskSuspendAll                          0x08005d7d   Thumb Code    12  tasks.o(i.vTaskSuspendAll)
    vTaskSwitchContext                       0x08005d8d   Thumb Code   110  tasks.o(i.vTaskSwitchContext)
    wifi_reset_io_init                       0x08005e35   Thumb Code    48  wifi.o(i.wifi_reset_io_init)
    wifi_task                                0x08005e69   Thumb Code   126  main.o(i.wifi_task)
    xEventGroupClearBits                     0x08005f25   Thumb Code    72  event_groups.o(i.xEventGroupClearBits)
    xEventGroupClearBitsFromISR              0x08005f99   Thumb Code    24  event_groups.o(i.xEventGroupClearBitsFromISR)
    xEventGroupCreate                        0x08005fb5   Thumb Code    26  event_groups.o(i.xEventGroupCreate)
    xEventGroupGetBitsFromISR                0x08005fcf   Thumb Code    44  event_groups.o(i.xEventGroupGetBitsFromISR)
    xEventGroupSetBits                       0x08005ffd   Thumb Code   186  event_groups.o(i.xEventGroupSetBits)
    xEventGroupWaitBits                      0x080060e5   Thumb Code   294  event_groups.o(i.xEventGroupWaitBits)
    xPortStartScheduler                      0x0800623d   Thumb Code   140  port.o(i.xPortStartScheduler)
    xPortSysTickHandler                      0x080062dd   Thumb Code    46  port.o(i.xPortSysTickHandler)
    xQueueGenericCreate                      0x08006311   Thumb Code    78  queue.o(i.xQueueGenericCreate)
    xQueueGenericReceive                     0x08006385   Thumb Code   416  queue.o(i.xQueueGenericReceive)
    xQueueGenericReset                       0x0800654d   Thumb Code   136  queue.o(i.xQueueGenericReset)
    xQueueGenericSend                        0x080065fd   Thumb Code   412  queue.o(i.xQueueGenericSend)
    xQueueGenericSendFromISR                 0x080067c1   Thumb Code   234  queue.o(i.xQueueGenericSendFromISR)
    xTaskCheckForTimeOut                     0x080068d1   Thumb Code   116  tasks.o(i.xTaskCheckForTimeOut)
    xTaskCreate                              0x08006971   Thumb Code    96  tasks.o(i.xTaskCreate)
    xTaskGetSchedulerState                   0x080069d1   Thumb Code    24  tasks.o(i.xTaskGetSchedulerState)
    xTaskGetTickCount                        0x080069f1   Thumb Code     6  tasks.o(i.xTaskGetTickCount)
    xTaskIncrementTick                       0x080069fd   Thumb Code   272  tasks.o(i.xTaskIncrementTick)
    xTaskPriorityDisinherit                  0x08006b5d   Thumb Code   168  tasks.o(i.xTaskPriorityDisinherit)
    xTaskRemoveFromEventList                 0x08006c35   Thumb Code   118  tasks.o(i.xTaskRemoveFromEventList)
    xTaskRemoveFromUnorderedEventList        0x08006ce9   Thumb Code   134  tasks.o(i.xTaskRemoveFromUnorderedEventList)
    xTaskResumeAll                           0x08006da9   Thumb Code   214  tasks.o(i.xTaskResumeAll)
    xTaskResumeFromISR                       0x08006ec9   Thumb Code   148  tasks.o(i.xTaskResumeFromISR)
    xTimerCreateTimerTask                    0x08006f95   Thumb Code    56  timers.o(i.xTimerCreateTimerTask)
    xTimerGenericCommand                     0x08007009   Thumb Code   118  timers.o(i.xTimerGenericCommand)
    xTimerPendFunctionCallFromISR            0x080070ad   Thumb Code    48  timers.o(i.xTimerPendFunctionCallFromISR)
    _get_lc_numeric                          0x080070e1   Thumb Code    44  lc_numeric_c.o(locale$$code)
    _get_lc_ctype                            0x0800710d   Thumb Code    44  lc_ctype_c.o(locale$$code)
    _printf_fp_dec                           0x08007139   Thumb Code     4  printf1.o(x$fpl$printf1)
    SSID                                     0x0800713c   Data           4  main.o(.constdata)
    __I$use$fp                               0x0800713c   Number         0  usenofp.o(x$fpl$usenofp)
    PASS                                     0x08007140   Data          10  main.o(.constdata)
    PRODUCTID                                0x0800714a   Data           7  main.o(.constdata)
    DEVICEID                                 0x08007151   Data          10  main.o(.constdata)
    AUTHENTICATION                           0x0800715b   Data           7  main.o(.constdata)
    DATA_TOPIC_NAME                          0x08007162   Data           4  main.o(.constdata)
    SERVER_IP                                0x08007166   Data          14  main.o(.constdata)
    SERVER_PORT                              0x08007174   Data           4  main.o(.constdata)
    WIFI_CONECT                              0x08007178   Data           4  main.o(.constdata)
    PING_MODE                                0x0800717c   Data           4  main.o(.constdata)
    MESSAGE_DATA_TX_NUM                      0x08007180   Data           4  main.o(.constdata)
    MESSAGE_DATA_TX_LEN                      0x08007184   Data           4  main.o(.constdata)
    Region$$Table$$Base                      0x08007298   Number         0  anon$$obj.o(Region$$Table)
    Region$$Table$$Limit                     0x080072b8   Number         0  anon$$obj.o(Region$$Table)
    __ctype                                  0x080072e1   Data           0  lc_ctype_c.o(locale$$data)
    LED1_LABER                               0x20000000   Data           4  main.o(.data)
    CMD_LED1ON                               0x20000004   Data           4  main.o(.data)
    CMD_LED1OFF                              0x20000008   Data           4  main.o(.data)
    led1_flag                                0x2000000c   Data           4  main.o(.data)
    LED2_LABER                               0x20000010   Data           4  main.o(.data)
    CMD_LED2ON                               0x20000014   Data           4  main.o(.data)
    CMD_LED2OFF                              0x20000018   Data           4  main.o(.data)
    led2_flag                                0x2000001c   Data           4  main.o(.data)
    BinarySemaphore                          0x20000020   Data           4  main.o(.data)
    Event_Handle                             0x20000024   Data           4  main.o(.data)
    Message_Queue                            0x20000028   Data           4  main.o(.data)
    StartTask_Handler                        0x2000002c   Data           4  main.o(.data)
    Led2_Task_Handler                        0x20000030   Data           4  main.o(.data)
    DHT11_Task_Handler                       0x20000034   Data           4  main.o(.data)
    SUN_Task_Handler                         0x20000038   Data           4  main.o(.data)
    MQTT_Cmd_Task_Handler                    0x2000003c   Data           4  main.o(.data)
    WIFI_Task_Handler                        0x20000040   Data           4  main.o(.data)
    MQTT_RxTx_Task_Handler                   0x20000044   Data           4  main.o(.data)
    DATA_TX_Task_Handler                     0x20000048   Data           4  main.o(.data)
    __stdout                                 0x20000050   Data           4  usart1.o(.data)
    Usart2_RxCounter                         0x20000054   Data           4  usart2.o(.data)
    MQTT_RxDataInPtr                         0x20000058   Data           4  mqtt.o(.data)
    MQTT_RxDataOutPtr                        0x2000005c   Data           4  mqtt.o(.data)
    MQTT_RxDataEndPtr                        0x20000060   Data           4  mqtt.o(.data)
    MQTT_TxDataInPtr                         0x20000064   Data           4  mqtt.o(.data)
    MQTT_TxDataOutPtr                        0x20000068   Data           4  mqtt.o(.data)
    MQTT_TxDataEndPtr                        0x2000006c   Data           4  mqtt.o(.data)
    MQTT_CMDInPtr                            0x20000070   Data           4  mqtt.o(.data)
    MQTT_CMDOutPtr                           0x20000074   Data           4  mqtt.o(.data)
    MQTT_CMDEndPtr                           0x20000078   Data           4  mqtt.o(.data)
    ClientID_len                             0x2000007c   Data           4  mqtt.o(.data)
    Username_len                             0x20000080   Data           4  mqtt.o(.data)
    Passward_len                             0x20000084   Data           4  mqtt.o(.data)
    ServerPort                               0x20000088   Data           4  mqtt.o(.data)
    Fixed_len                                0x2000008c   Data           4  mqtt.o(.data)
    Variable_len                             0x20000090   Data           4  mqtt.o(.data)
    Payload_len                              0x20000094   Data           4  mqtt.o(.data)
    pingFlag                                 0x20000098   Data           1  mqtt.o(.data)
    BUF                                      0x20000099   Data           3  bh1750.o(.data)
    SystemCoreClock                          0x2000009c   Data           4  system_stm32f10x.o(.data)
    AHBPrescTable                            0x200000a0   Data          16  system_stm32f10x.o(.data)
    pxCurrentTCB                             0x200000c4   Data           4  tasks.o(.data)
    Usart2_RxBuff                            0x20000138   Data        1024  usart2.o(.bss)
    USART2_TxBuff                            0x20000538   Data        1024  usart2.o(.bss)
    MQTT_RxDataBuf                           0x20000938   Data        1500  mqtt.o(.bss)
    MQTT_TxDataBuf                           0x20000f14   Data        1500  mqtt.o(.bss)
    MQTT_CMDBuf                              0x200014f0   Data        1500  mqtt.o(.bss)
    ClientID                                 0x20001acc   Data         128  mqtt.o(.bss)
    Username                                 0x20001b4c   Data         128  mqtt.o(.bss)
    Passward                                 0x20001bcc   Data         128  mqtt.o(.bss)
    ServerIP                                 0x20001c4c   Data         128  mqtt.o(.bss)
    temp_buff                                0x20001ccc   Data         300  mqtt.o(.bss)
    xQueueRegistry                           0x20001df8   Data          64  queue.o(.bss)
    __libspace_start                         0x20007144   Data          96  libspace.o(.bss)
    __temporary_stack_top$libspace           0x200071a4   Data           0  libspace.o(.bss)



==============================================================================

Memory Map of the image

  Image Entry point : 0x08000351

  Load Region LR_1 (Base: 0x08000000, Size: 0x0000751c, Max: 0xffffffff, ABSOLUTE, COMPRESSED[0x00007414])

    Execution Region ER_RO (Base: 0x08000000, Size: 0x000073e4, Max: 0xffffffff, ABSOLUTE)

    Base Addr    Size         Type   Attr      Idx    E Section Name        Object

    0x08000000   0x00000130   Data   RO          814    RESET               startup_stm32f10x_hd.o
    0x08000130   0x00000008   Code   RO         3016  * !!!main             c_w.l(__main.o)
    0x08000138   0x00000034   Code   RO         3283    !!!scatter          c_w.l(__scatter.o)
    0x0800016c   0x0000005a   Code   RO         3281    !!dczerorl2         c_w.l(__dczerorl2.o)
    0x080001c6   0x00000002   PAD
    0x080001c8   0x0000001c   Code   RO         3285    !!handler_zi        c_w.l(__scatter_zi.o)
    0x080001e4   0x00000000   Code   RO         2997    .ARM.Collect$$_printf_percent$$00000000  c_w.l(_printf_percent.o)
    0x080001e4   0x00000006   Code   RO         3048    .ARM.Collect$$_printf_percent$$00000001  c_w.l(_printf_n.o)
    0x080001ea   0x00000006   Code   RO         3049    .ARM.Collect$$_printf_percent$$00000002  c_w.l(_printf_p.o)
    0x080001f0   0x00000006   Code   RO         3052    .ARM.Collect$$_printf_percent$$00000003  c_w.l(_printf_f.o)
    0x080001f6   0x00000006   Code   RO         3053    .ARM.Collect$$_printf_percent$$00000004  c_w.l(_printf_e.o)
    0x080001fc   0x00000006   Code   RO         3054    .ARM.Collect$$_printf_percent$$00000005  c_w.l(_printf_g.o)
    0x08000202   0x00000006   Code   RO         3055    .ARM.Collect$$_printf_percent$$00000006  c_w.l(_printf_a.o)
    0x08000208   0x0000000a   Code   RO         3060    .ARM.Collect$$_printf_percent$$00000007  c_w.l(_printf_ll.o)
    0x08000212   0x00000006   Code   RO         3051    .ARM.Collect$$_printf_percent$$00000008  c_w.l(_printf_i.o)
    0x08000218   0x00000006   Code   RO         2995    .ARM.Collect$$_printf_percent$$00000009  c_w.l(_printf_d.o)
    0x0800021e   0x00000006   Code   RO         2996    .ARM.Collect$$_printf_percent$$0000000A  c_w.l(_printf_u.o)
    0x08000224   0x00000006   Code   RO         3050    .ARM.Collect$$_printf_percent$$0000000B  c_w.l(_printf_o.o)
    0x0800022a   0x00000006   Code   RO         2994    .ARM.Collect$$_printf_percent$$0000000C  c_w.l(_printf_x.o)
    0x08000230   0x00000006   Code   RO         3057    .ARM.Collect$$_printf_percent$$0000000D  c_w.l(_printf_lli.o)
    0x08000236   0x00000006   Code   RO         3058    .ARM.Collect$$_printf_percent$$0000000E  c_w.l(_printf_lld.o)
    0x0800023c   0x00000006   Code   RO         3059    .ARM.Collect$$_printf_percent$$0000000F  c_w.l(_printf_llu.o)
    0x08000242   0x00000006   Code   RO         3064    .ARM.Collect$$_printf_percent$$00000010  c_w.l(_printf_llo.o)
    0x08000248   0x00000006   Code   RO         3065    .ARM.Collect$$_printf_percent$$00000011  c_w.l(_printf_llx.o)
    0x0800024e   0x0000000a   Code   RO         3061    .ARM.Collect$$_printf_percent$$00000012  c_w.l(_printf_l.o)
    0x08000258   0x00000006   Code   RO         2992    .ARM.Collect$$_printf_percent$$00000013  c_w.l(_printf_c.o)
    0x0800025e   0x00000006   Code   RO         2993    .ARM.Collect$$_printf_percent$$00000014  c_w.l(_printf_s.o)
    0x08000264   0x00000006   Code   RO         3062    .ARM.Collect$$_printf_percent$$00000015  c_w.l(_printf_lc.o)
    0x0800026a   0x00000006   Code   RO         3063    .ARM.Collect$$_printf_percent$$00000016  c_w.l(_printf_ls.o)
    0x08000270   0x00000004   Code   RO         3056    .ARM.Collect$$_printf_percent$$00000017  c_w.l(_printf_percent_end.o)
    0x08000274   0x00000002   Code   RO         3145    .ARM.Collect$$libinit$$00000000  c_w.l(libinit.o)
    0x08000276   0x00000000   Code   RO         3162    .ARM.Collect$$libinit$$00000002  c_w.l(libinit2.o)
    0x08000276   0x00000000   Code   RO         3164    .ARM.Collect$$libinit$$00000004  c_w.l(libinit2.o)
    0x08000276   0x00000000   Code   RO         3167    .ARM.Collect$$libinit$$0000000A  c_w.l(libinit2.o)
    0x08000276   0x00000000   Code   RO         3169    .ARM.Collect$$libinit$$0000000C  c_w.l(libinit2.o)
    0x08000276   0x00000000   Code   RO         3171    .ARM.Collect$$libinit$$0000000E  c_w.l(libinit2.o)
    0x08000276   0x00000006   Code   RO         3172    .ARM.Collect$$libinit$$0000000F  c_w.l(libinit2.o)
    0x0800027c   0x00000000   Code   RO         3174    .ARM.Collect$$libinit$$00000011  c_w.l(libinit2.o)
    0x0800027c   0x0000000c   Code   RO         3175    .ARM.Collect$$libinit$$00000012  c_w.l(libinit2.o)
    0x08000288   0x00000000   Code   RO         3176    .ARM.Collect$$libinit$$00000013  c_w.l(libinit2.o)
    0x08000288   0x00000000   Code   RO         3178    .ARM.Collect$$libinit$$00000015  c_w.l(libinit2.o)
    0x08000288   0x0000000a   Code   RO         3179    .ARM.Collect$$libinit$$00000016  c_w.l(libinit2.o)
    0x08000292   0x00000000   Code   RO         3180    .ARM.Collect$$libinit$$00000017  c_w.l(libinit2.o)
    0x08000292   0x00000000   Code   RO         3182    .ARM.Collect$$libinit$$00000019  c_w.l(libinit2.o)
    0x08000292   0x00000000   Code   RO         3184    .ARM.Collect$$libinit$$0000001B  c_w.l(libinit2.o)
    0x08000292   0x00000000   Code   RO         3186    .ARM.Collect$$libinit$$0000001D  c_w.l(libinit2.o)
    0x08000292   0x00000000   Code   RO         3188    .ARM.Collect$$libinit$$0000001F  c_w.l(libinit2.o)
    0x08000292   0x00000000   Code   RO         3190    .ARM.Collect$$libinit$$00000021  c_w.l(libinit2.o)
    0x08000292   0x00000000   Code   RO         3192    .ARM.Collect$$libinit$$00000023  c_w.l(libinit2.o)
    0x08000292   0x00000000   Code   RO         3194    .ARM.Collect$$libinit$$00000025  c_w.l(libinit2.o)
    0x08000292   0x00000000   Code   RO         3198    .ARM.Collect$$libinit$$0000002C  c_w.l(libinit2.o)
    0x08000292   0x00000000   Code   RO         3200    .ARM.Collect$$libinit$$0000002E  c_w.l(libinit2.o)
    0x08000292   0x00000000   Code   RO         3202    .ARM.Collect$$libinit$$00000030  c_w.l(libinit2.o)
    0x08000292   0x00000000   Code   RO         3204    .ARM.Collect$$libinit$$00000032  c_w.l(libinit2.o)
    0x08000292   0x00000002   Code   RO         3205    .ARM.Collect$$libinit$$00000033  c_w.l(libinit2.o)
    0x08000294   0x00000002   Code   RO         3223    .ARM.Collect$$libshutdown$$00000000  c_w.l(libshutdown.o)
    0x08000296   0x00000000   Code   RO         3233    .ARM.Collect$$libshutdown$$00000002  c_w.l(libshutdown2.o)
    0x08000296   0x00000000   Code   RO         3235    .ARM.Collect$$libshutdown$$00000004  c_w.l(libshutdown2.o)
    0x08000296   0x00000000   Code   RO         3238    .ARM.Collect$$libshutdown$$00000007  c_w.l(libshutdown2.o)
    0x08000296   0x00000000   Code   RO         3241    .ARM.Collect$$libshutdown$$0000000A  c_w.l(libshutdown2.o)
    0x08000296   0x00000000   Code   RO         3243    .ARM.Collect$$libshutdown$$0000000C  c_w.l(libshutdown2.o)
    0x08000296   0x00000000   Code   RO         3246    .ARM.Collect$$libshutdown$$0000000F  c_w.l(libshutdown2.o)
    0x08000296   0x00000002   Code   RO         3247    .ARM.Collect$$libshutdown$$00000010  c_w.l(libshutdown2.o)
    0x08000298   0x00000000   Code   RO         3020    .ARM.Collect$$rtentry$$00000000  c_w.l(__rtentry.o)
    0x08000298   0x00000000   Code   RO         3071    .ARM.Collect$$rtentry$$00000002  c_w.l(__rtentry2.o)
    0x08000298   0x00000006   Code   RO         3083    .ARM.Collect$$rtentry$$00000004  c_w.l(__rtentry4.o)
    0x0800029e   0x00000000   Code   RO         3073    .ARM.Collect$$rtentry$$00000009  c_w.l(__rtentry2.o)
    0x0800029e   0x00000004   Code   RO         3074    .ARM.Collect$$rtentry$$0000000A  c_w.l(__rtentry2.o)
    0x080002a2   0x00000000   Code   RO         3076    .ARM.Collect$$rtentry$$0000000C  c_w.l(__rtentry2.o)
    0x080002a2   0x00000008   Code   RO         3077    .ARM.Collect$$rtentry$$0000000D  c_w.l(__rtentry2.o)
    0x080002aa   0x00000002   Code   RO         3154    .ARM.Collect$$rtexit$$00000000  c_w.l(rtexit.o)
    0x080002ac   0x00000000   Code   RO         3207    .ARM.Collect$$rtexit$$00000002  c_w.l(rtexit2.o)
    0x080002ac   0x00000004   Code   RO         3208    .ARM.Collect$$rtexit$$00000003  c_w.l(rtexit2.o)
    0x080002b0   0x00000006   Code   RO         3209    .ARM.Collect$$rtexit$$00000004  c_w.l(rtexit2.o)
    0x080002b6   0x00000002   PAD
    0x080002b8   0x00000096   Code   RO         2854    .emb_text           port.o
    0x0800034e   0x00000002   PAD
    0x08000350   0x00000040   Code   RO          815  * .text               startup_stm32f10x_hd.o
    0x08000390   0x00000002   Code   RO         2933    .text               c_w.l(use_no_semi_2.o)
    0x08000392   0x00000002   PAD
    0x08000394   0x00000024   Code   RO         2935    .text               c_w.l(c89vsprintf.o)
    0x080003b8   0x00000018   Code   RO         2937    .text               c_w.l(__2printf.o)
    0x080003d0   0x0000002c   Code   RO         2939    .text               c_w.l(__2sprintf.o)
    0x080003fc   0x00000052   Code   RO         2947    .text               c_w.l(_printf_str.o)
    0x0800044e   0x00000002   PAD
    0x08000450   0x00000078   Code   RO         2949    .text               c_w.l(_printf_dec.o)
    0x080004c8   0x00000094   Code   RO         2969    .text               c_w.l(_printf_hex_int_ll_ptr.o)
    0x0800055c   0x00000188   Code   RO         2989    .text               c_w.l(__printf_flags_ss_wp.o)
    0x080006e4   0x00000024   Code   RO         2998    .text               c_w.l(strstr.o)
    0x08000708   0x00000058   Code   RO         3000    .text               c_w.l(memcmp.o)
    0x08000760   0x0000003e   Code   RO         3004    .text               c_w.l(strlen.o)
    0x0800079e   0x0000008a   Code   RO         3006    .text               c_w.l(rt_memcpy_v6.o)
    0x08000828   0x00000010   Code   RO         3008    .text               c_w.l(aeabi_memset.o)
    0x08000838   0x00000044   Code   RO         3010    .text               c_w.l(rt_memclr.o)
    0x0800087c   0x0000004e   Code   RO         3012    .text               c_w.l(rt_memclr_w.o)
    0x080008ca   0x00000006   Code   RO         3014    .text               c_w.l(heapauxi.o)
    0x080008d0   0x00000002   Code   RO         3018    .text               c_w.l(use_no_semi.o)
    0x080008d2   0x0000004e   Code   RO         3021    .text               c_w.l(_printf_pad.o)
    0x08000920   0x00000024   Code   RO         3023    .text               c_w.l(_printf_truncate.o)
    0x08000944   0x000000b2   Code   RO         3025    .text               c_w.l(_printf_intcommon.o)
    0x080009f6   0x00000028   Code   RO         3027    .text               c_w.l(_printf_charcount.o)
    0x08000a1e   0x00000002   PAD
    0x08000a20   0x00000030   Code   RO         3029    .text               c_w.l(_printf_char_common.o)
    0x08000a50   0x0000000a   Code   RO         3031    .text               c_w.l(_sputc.o)
    0x08000a5a   0x0000002c   Code   RO         3033    .text               c_w.l(_printf_char.o)
    0x08000a86   0x00000002   PAD
    0x08000a88   0x00000024   Code   RO         3035    .text               c_w.l(_printf_char_file.o)
    0x08000aac   0x000000bc   Code   RO         3037    .text               c_w.l(_printf_wctomb.o)
    0x08000b68   0x0000007c   Code   RO         3040    .text               c_w.l(_printf_longlong_dec.o)
    0x08000be4   0x00000070   Code   RO         3046    .text               c_w.l(_printf_oct_int_ll.o)
    0x08000c54   0x00000064   Code   RO         3066    .text               c_w.l(rt_memcpy_w.o)
    0x08000cb8   0x0000008a   Code   RO         3085    .text               c_w.l(lludiv10.o)
    0x08000d42   0x0000041a   Code   RO         3087    .text               c_w.l(_printf_fp_dec.o)
    0x0800115c   0x0000002c   Code   RO         3091    .text               c_w.l(_printf_wchar.o)
    0x08001188   0x00000008   Code   RO         3093    .text               c_w.l(ferror.o)
    0x08001190   0x00000040   Code   RO         3097    .text               c_w.l(_wcrtomb.o)
    0x080011d0   0x0000004a   Code   RO         3099    .text               c_w.l(sys_stackheap_outer.o)
    0x0800121a   0x00000002   PAD
    0x0800121c   0x00000010   Code   RO         3101    .text               c_w.l(rt_ctype_table.o)
    0x0800122c   0x00000008   Code   RO         3106    .text               c_w.l(rt_locale_intlibspace.o)
    0x08001234   0x00000080   Code   RO         3108    .text               c_w.l(_printf_fp_infnan.o)
    0x080012b4   0x000000dc   Code   RO         3110    .text               c_w.l(bigflt0.o)
    0x08001390   0x00000012   Code   RO         3138    .text               c_w.l(exit.o)
    0x080013a2   0x00000002   PAD
    0x080013a4   0x00000008   Code   RO         3151    .text               c_w.l(libspace.o)
    0x080013ac   0x00000080   Code   RO         3159    .text               c_w.l(strcmpv7m.o)
    0x0800142c   0x0000003e   Code   RO         3113    CL$$btod_d2e        c_w.l(btod.o)
    0x0800146a   0x00000046   Code   RO         3115    CL$$btod_d2e_denorm_low  c_w.l(btod.o)
    0x080014b0   0x00000060   Code   RO         3114    CL$$btod_d2e_norm_op1  c_w.l(btod.o)
    0x08001510   0x00000338   Code   RO         3123    CL$$btod_div_common  c_w.l(btod.o)
    0x08001848   0x000000c6   Code   RO         3120    CL$$btod_e2e        c_w.l(btod.o)
    0x0800190e   0x00000028   Code   RO         3117    CL$$btod_ediv       c_w.l(btod.o)
    0x08001936   0x00000028   Code   RO         3116    CL$$btod_emul       c_w.l(btod.o)
    0x0800195e   0x00000244   Code   RO         3122    CL$$btod_mult_common  c_w.l(btod.o)
    0x08001ba2   0x00000002   PAD
    0x08001ba4   0x00000068   Code   RO          695    i.BH1750_RecvACK    bh1750.o
    0x08001c0c   0x0000006c   Code   RO          696    i.BH1750_RecvByte   bh1750.o
    0x08001c78   0x0000005c   Code   RO          697    i.BH1750_SendACK    bh1750.o
    0x08001cd4   0x00000078   Code   RO          698    i.BH1750_SendByte   bh1750.o
    0x08001d4c   0x0000004c   Code   RO          699    i.BH1750_Start      bh1750.o
    0x08001d98   0x00000048   Code   RO          700    i.BH1750_Stop       bh1750.o
    0x08001de0   0x00000002   Code   RO            1    i.BusFault_Handler  stm32f10x_it.o
    0x08001de2   0x00000002   PAD
    0x08001de4   0x0000006c   Code   RO          526    i.CMDBuf_Deal       mqtt.o
    0x08001e50   0x0000006c   Code   RO          605    i.DHT11_Check       dht11.o
    0x08001ebc   0x00000058   Code   RO          606    i.DHT11_Read_Bit    dht11.o
    0x08001f14   0x0000001e   Code   RO          607    i.DHT11_Read_Byte   dht11.o
    0x08001f32   0x00000002   PAD
    0x08001f34   0x00000040   Code   RO          608    i.DHT11_Rst         dht11.o
    0x08001f74   0x00000002   Code   RO            2    i.DebugMon_Handler  stm32f10x_it.o
    0x08001f76   0x00000116   Code   RO         1789    i.GPIO_Init         stm32f10x_gpio.o
    0x0800208c   0x00000012   Code   RO         1793    i.GPIO_ReadInputDataBit  stm32f10x_gpio.o
    0x0800209e   0x00000004   Code   RO         1796    i.GPIO_ResetBits    stm32f10x_gpio.o
    0x080020a2   0x00000004   Code   RO         1797    i.GPIO_SetBits      stm32f10x_gpio.o
    0x080020a6   0x0000000a   Code   RO         1800    i.GPIO_WriteBit     stm32f10x_gpio.o
    0x080020b0   0x00000002   Code   RO            3    i.HardFault_Handler  stm32f10x_it.o
    0x080020b2   0x00000002   PAD
    0x080020b4   0x00000114   Code   RO          527    i.IoT_parameter_init  mqtt.o
    0x080021c8   0x0000008c   Code   RO          528    i.MQTT_Buff_Init    mqtt.o
    0x08002254   0x00000218   Code   RO          529    i.MQTT_ConectPack   mqtt.o
    0x0800246c   0x00000108   Code   RO          530    i.MQTT_DealPushdata_Qs0  mqtt.o
    0x08002574   0x0000001c   Code   RO          531    i.MQTT_PingREQ      mqtt.o
    0x08002590   0x000000ec   Code   RO          532    i.MQTT_PublishQs0   mqtt.o
    0x0800267c   0x00000002   Code   RO            4    i.MemManage_Handler  stm32f10x_it.o
    0x0800267e   0x00000002   PAD
    0x08002680   0x0000003c   Code   RO          701    i.Multiple_Read_BH1750  bh1750.o
    0x080026bc   0x00000002   Code   RO            5    i.NMI_Handler       stm32f10x_it.o
    0x080026be   0x00000002   PAD
    0x080026c0   0x00000070   Code   RO          819    i.NVIC_Init         misc.o
    0x08002730   0x00000014   Code   RO          820    i.NVIC_PriorityGroupConfig  misc.o
    0x08002744   0x00000020   Code   RO          857    i.RCC_APB1PeriphClockCmd  stm32f10x_rcc.o
    0x08002764   0x00000020   Code   RO          858    i.RCC_APB1PeriphResetCmd  stm32f10x_rcc.o
    0x08002784   0x00000020   Code   RO          859    i.RCC_APB2PeriphClockCmd  stm32f10x_rcc.o
    0x080027a4   0x00000020   Code   RO          860    i.RCC_APB2PeriphResetCmd  stm32f10x_rcc.o
    0x080027c4   0x000000d4   Code   RO          867    i.RCC_GetClocksFreq  stm32f10x_rcc.o
    0x08002898   0x00000008   Code   RO          778    i.SetSysClock       system_stm32f10x.o
    0x080028a0   0x000000e0   Code   RO          779    i.SetSysClockTo72   system_stm32f10x.o
    0x08002980   0x00000022   Code   RO          702    i.Single_Write_BH1750  bh1750.o
    0x080029a2   0x00000028   Code   RO          823    i.SysTick_CLKSourceConfig  misc.o
    0x080029ca   0x00000010   Code   RO            6    i.SysTick_Handler   stm32f10x_it.o
    0x080029da   0x00000002   PAD
    0x080029dc   0x00000060   Code   RO          781    i.SystemInit        system_stm32f10x.o
    0x08002a3c   0x00000070   Code   RO          435    i.TIM3_ENABLE_2S    timer3.o
    0x08002aac   0x00000070   Code   RO          436    i.TIM3_ENABLE_30S   timer3.o
    0x08002b1c   0x00000080   Code   RO            7    i.TIM3_IRQHandler   stm32f10x_it.o
    0x08002b9c   0x00000098   Code   RO            8    i.TIM4_IRQHandler   stm32f10x_it.o
    0x08002c34   0x00000006   Code   RO         1066    i.TIM_ClearITPendingBit  stm32f10x_tim.o
    0x08002c3a   0x00000018   Code   RO         1071    i.TIM_Cmd           stm32f10x_tim.o
    0x08002c52   0x00000002   PAD
    0x08002c54   0x000001e8   Code   RO         1076    i.TIM_DeInit        stm32f10x_tim.o
    0x08002e3c   0x00000022   Code   RO         1092    i.TIM_GetITStatus   stm32f10x_tim.o
    0x08002e5e   0x00000012   Code   RO         1096    i.TIM_ITConfig      stm32f10x_tim.o
    0x08002e70   0x00000004   Code   RO         1136    i.TIM_SetCounter    stm32f10x_tim.o
    0x08002e74   0x000000a4   Code   RO         1142    i.TIM_TimeBaseInit  stm32f10x_tim.o
    0x08002f18   0x00000064   Code   RO          534    i.TxDataBuf_Deal    mqtt.o
    0x08002f7c   0x00000084   Code   RO            9    i.USART2_IRQHandler  stm32f10x_it.o
    0x08003000   0x00000012   Code   RO         1603    i.USART_ClearFlag   stm32f10x_usart.o
    0x08003012   0x00000018   Code   RO         1607    i.USART_Cmd         stm32f10x_usart.o
    0x0800302a   0x00000002   PAD
    0x0800302c   0x0000009c   Code   RO         1609    i.USART_DeInit      stm32f10x_usart.o
    0x080030c8   0x00000054   Code   RO         1611    i.USART_GetITStatus  stm32f10x_usart.o
    0x0800311c   0x0000004a   Code   RO         1613    i.USART_ITConfig    stm32f10x_usart.o
    0x08003166   0x00000002   PAD
    0x08003168   0x000000d8   Code   RO         1614    i.USART_Init        stm32f10x_usart.o
    0x08003240   0x00000002   Code   RO           10    i.UsageFault_Handler  stm32f10x_it.o
    0x08003242   0x00000002   PAD
    0x08003244   0x000002e4   Code   RO          468    i.WiFi_Connect_IoTServer  wifi.o
    0x08003528   0x00000154   Code   RO          469    i.WiFi_Connect_Server  wifi.o
    0x0800367c   0x0000009c   Code   RO          470    i.WiFi_JoinAP       wifi.o
    0x08003718   0x00000070   Code   RO          471    i.WiFi_Reset        wifi.o
    0x08003788   0x00000074   Code   RO          472    i.WiFi_SendCmd      wifi.o
    0x080037fc   0x00000028   Code   RO         3149    i.__ARM_fpclassify  m_ws.l(fpclassify.o)
    0x08003824   0x0000000e   Code   RO         2982    i._is_digit         c_w.l(__printf_wp.o)
    0x08003832   0x00000004   Code   RO          366    i._sys_exit         usart1.o
    0x08003836   0x00000002   PAD
    0x08003838   0x000000e0   Code   RO          225    i.data_tx_to_buffer_task  main.o
    0x08003918   0x00000058   Code   RO          334    i.delay_init        delay.o
    0x08003970   0x00000040   Code   RO          335    i.delay_ms          delay.o
    0x080039b0   0x00000048   Code   RO          336    i.delay_us          delay.o
    0x080039f8   0x00000034   Code   RO          609    i.dht11_init        dht11.o
    0x08003a2c   0x0000005c   Code   RO          610    i.dht11_read_data   dht11.o
    0x08003a88   0x0000001c   Code   RO          367    i.fputc             usart1.o
    0x08003aa4   0x00000048   Code   RO          703    i.get_sunlight_value  bh1750.o
    0x08003aec   0x00000040   Code   RO          704    i.iic_by30_init     bh1750.o
    0x08003b2c   0x00000010   Code   RO          659    i.led1_off          led.o
    0x08003b3c   0x00000010   Code   RO          660    i.led1_on           led.o
    0x08003b4c   0x00000014   Code   RO          661    i.led2_off          led.o
    0x08003b60   0x00000014   Code   RO          662    i.led2_on           led.o
    0x08003b74   0x0000005c   Code   RO          663    i.led_init          led.o
    0x08003bd0   0x00000074   Code   RO          226    i.main              main.o
    0x08003c44   0x00000364   Code   RO          227    i.mqtt_buffer_rx_tx_task  main.o
    0x08003fa8   0x00000080   Code   RO          228    i.my_dht11_task     main.o
    0x08004028   0x00000038   Code   RO          229    i.my_led2_task      main.o
    0x08004060   0x0000019c   Code   RO          230    i.my_mqtt_buffer_cmd_task  main.o
    0x080041fc   0x00000190   Code   RO          231    i.my_start_task     main.o
    0x0800438c   0x00000068   Code   RO          232    i.my_sun_task       main.o
    0x080043f4   0x00000098   Code   RO         2315    i.prvAddCurrentTaskToDelayedList  tasks.o
    0x0800448c   0x000000b8   Code   RO         2316    i.prvAddNewTaskToReadyList  tasks.o
    0x08004544   0x00000064   Code   RO         2675    i.prvCheckForValidListAndQueue  timers.o
    0x080045a8   0x00000064   Code   RO         2317    i.prvCheckTasksWaitingTermination  tasks.o
    0x0800460c   0x0000002a   Code   RO         2085    i.prvCopyDataFromQueue  queue.o
    0x08004636   0x0000007c   Code   RO         2086    i.prvCopyDataToQueue  queue.o
    0x080046b2   0x00000012   Code   RO         2318    i.prvDeleteTCB      tasks.o
    0x080046c4   0x00000028   Code   RO         2676    i.prvGetNextExpireTime  timers.o
    0x080046ec   0x0000007c   Code   RO         2805    i.prvHeapInit       heap_4.o
    0x08004768   0x00000028   Code   RO         2319    i.prvIdleTask       tasks.o
    0x08004790   0x0000002e   Code   RO         2088    i.prvInitialiseNewQueue  queue.o
    0x080047be   0x00000002   PAD
    0x080047c0   0x000000d0   Code   RO         2320    i.prvInitialiseNewTask  tasks.o
    0x08004890   0x00000068   Code   RO         2321    i.prvInitialiseTaskLists  tasks.o
    0x080048f8   0x00000068   Code   RO         2806    i.prvInsertBlockIntoFreeList  heap_4.o
    0x08004960   0x00000058   Code   RO         2678    i.prvInsertTimerInActiveList  timers.o
    0x080049b8   0x0000001a   Code   RO         2089    i.prvIsQueueEmpty   queue.o
    0x080049d2   0x0000001e   Code   RO         2090    i.prvIsQueueFull    queue.o
    0x080049f0   0x000000a0   Code   RO         2091    i.prvNotifyQueueSetContainer  queue.o
    0x08004a90   0x00000080   Code   RO         2679    i.prvProcessExpiredTimer  timers.o
    0x08004b10   0x0000012c   Code   RO         2680    i.prvProcessReceivedCommands  timers.o
    0x08004c3c   0x00000074   Code   RO         2681    i.prvProcessTimerOrBlockTask  timers.o
    0x08004cb0   0x00000034   Code   RO         2323    i.prvResetNextTaskUnblockTime  tasks.o
    0x08004ce4   0x0000002c   Code   RO         2682    i.prvSampleTimeNow  timers.o
    0x08004d10   0x000000bc   Code   RO         2683    i.prvSwitchTimerLists  timers.o
    0x08004dcc   0x00000070   Code   RO         2855    i.prvTaskExitError  port.o
    0x08004e3c   0x00000074   Code   RO         2325    i.prvTaskIsTaskSuspended  tasks.o
    0x08004eb0   0x0000001e   Code   RO         1934    i.prvTestWaitCondition  event_groups.o
    0x08004ece   0x0000001a   Code   RO         2684    i.prvTimerTask      timers.o
    0x08004ee8   0x00000092   Code   RO         2092    i.prvUnlockQueue    queue.o
    0x08004f7a   0x00000002   PAD
    0x08004f7c   0x00000154   Code   RO         2807    i.pvPortMalloc      heap_4.o
    0x080050d0   0x00000020   Code   RO         2327    i.pvTaskIncrementMutexHeldCount  tasks.o
    0x080050f0   0x00000024   Code   RO         2856    i.pxPortInitialiseStack  port.o
    0x08005114   0x0000007c   Code   RO          647    i.send_data         control.o
    0x08005190   0x00000068   Code   RO          453    i.tim4_init         timer4.o
    0x080051f8   0x00000040   Code   RO          397    i.u2_TxData         usart2.o
    0x08005238   0x0000005c   Code   RO          398    i.u2_printf         usart2.o
    0x08005294   0x00000080   Code   RO          368    i.usart1_init       usart1.o
    0x08005314   0x000000b4   Code   RO          399    i.usart2_init       usart2.o
    0x080053c8   0x00000028   Code   RO         2048    i.uxListRemove      list.o
    0x080053f0   0x0000001c   Code   RO         2334    i.uxTaskResetEventItemValue  tasks.o
    0x0800540c   0x00000010   Code   RO         1936    i.vEventGroupClearBitsCallback  event_groups.o
    0x0800541c   0x0000001a   Code   RO         2049    i.vListInitialise   list.o
    0x08005436   0x00000006   Code   RO         2050    i.vListInitialiseItem  list.o
    0x0800543c   0x00000034   Code   RO         2051    i.vListInsert       list.o
    0x08005470   0x00000018   Code   RO         2052    i.vListInsertEnd    list.o
    0x08005488   0x00000088   Code   RO         2858    i.vPortEnterCritical  port.o
    0x08005510   0x00000070   Code   RO         2859    i.vPortExitCritical  port.o
    0x08005580   0x000000b8   Code   RO         2808    i.vPortFree         heap_4.o
    0x08005638   0x00000020   Code   RO         2860    i.vPortSetupTimerInterrupt  port.o
    0x08005658   0x000000a0   Code   RO         2861    i.vPortValidateInterruptPriority  port.o
    0x080056f8   0x0000002c   Code   RO         2098    i.vQueueAddToRegistry  queue.o
    0x08005724   0x0000004a   Code   RO         2102    i.vQueueWaitForMessageRestricted  queue.o
    0x0800576e   0x00000002   PAD
    0x08005770   0x00000074   Code   RO         2335    i.vTaskDelay        tasks.o
    0x080057e4   0x0000010c   Code   RO         2337    i.vTaskDelete       tasks.o
    0x080058f0   0x0000000c   Code   RO         2341    i.vTaskMissedYield  tasks.o
    0x080058fc   0x00000054   Code   RO         2343    i.vTaskPlaceOnEventList  tasks.o
    0x08005950   0x0000005c   Code   RO         2344    i.vTaskPlaceOnEventListRestricted  tasks.o
    0x080059ac   0x0000007c   Code   RO         2345    i.vTaskPlaceOnUnorderedEventList  tasks.o
    0x08005a28   0x000000b0   Code   RO         2346    i.vTaskPriorityInherit  tasks.o
    0x08005ad8   0x000000ac   Code   RO         2348    i.vTaskResume       tasks.o
    0x08005b84   0x0000004c   Code   RO         2350    i.vTaskSetTimeOutState  tasks.o
    0x08005bd0   0x000000ac   Code   RO         2351    i.vTaskStartScheduler  tasks.o
    0x08005c7c   0x00000100   Code   RO         2352    i.vTaskSuspend      tasks.o
    0x08005d7c   0x00000010   Code   RO         2353    i.vTaskSuspendAll   tasks.o
    0x08005d8c   0x000000a8   Code   RO         2354    i.vTaskSwitchContext  tasks.o
    0x08005e34   0x00000034   Code   RO          475    i.wifi_reset_io_init  wifi.o
    0x08005e68   0x000000bc   Code   RO          233    i.wifi_task         main.o
    0x08005f24   0x00000074   Code   RO         1939    i.xEventGroupClearBits  event_groups.o
    0x08005f98   0x0000001c   Code   RO         1940    i.xEventGroupClearBitsFromISR  event_groups.o
    0x08005fb4   0x0000001a   Code   RO         1941    i.xEventGroupCreate  event_groups.o
    0x08005fce   0x0000002c   Code   RO         1942    i.xEventGroupGetBitsFromISR  event_groups.o
    0x08005ffa   0x00000002   PAD
    0x08005ffc   0x000000e8   Code   RO         1943    i.xEventGroupSetBits  event_groups.o
    0x080060e4   0x00000158   Code   RO         1946    i.xEventGroupWaitBits  event_groups.o
    0x0800623c   0x000000a0   Code   RO         2862    i.xPortStartScheduler  port.o
    0x080062dc   0x00000034   Code   RO         2863    i.xPortSysTickHandler  port.o
    0x08006310   0x00000074   Code   RO         2107    i.xQueueGenericCreate  queue.o
    0x08006384   0x000001c8   Code   RO         2108    i.xQueueGenericReceive  queue.o
    0x0800654c   0x000000b0   Code   RO         2109    i.xQueueGenericReset  queue.o
    0x080065fc   0x000001c4   Code   RO         2110    i.xQueueGenericSend  queue.o
    0x080067c0   0x00000110   Code   RO         2111    i.xQueueGenericSendFromISR  queue.o
    0x080068d0   0x000000a0   Code   RO         2355    i.xTaskCheckForTimeOut  tasks.o
    0x08006970   0x00000060   Code   RO         2356    i.xTaskCreate       tasks.o
    0x080069d0   0x00000020   Code   RO         2360    i.xTaskGetSchedulerState  tasks.o
    0x080069f0   0x0000000c   Code   RO         2361    i.xTaskGetTickCount  tasks.o
    0x080069fc   0x00000160   Code   RO         2363    i.xTaskIncrementTick  tasks.o
    0x08006b5c   0x000000d8   Code   RO         2366    i.xTaskPriorityDisinherit  tasks.o
    0x08006c34   0x000000b4   Code   RO         2367    i.xTaskRemoveFromEventList  tasks.o
    0x08006ce8   0x000000c0   Code   RO         2368    i.xTaskRemoveFromUnorderedEventList  tasks.o
    0x08006da8   0x00000120   Code   RO         2369    i.xTaskResumeAll    tasks.o
    0x08006ec8   0x000000cc   Code   RO         2370    i.xTaskResumeFromISR  tasks.o
    0x08006f94   0x00000074   Code   RO         2688    i.xTimerCreateTimerTask  timers.o
    0x08007008   0x000000a4   Code   RO         2689    i.xTimerGenericCommand  timers.o
    0x080070ac   0x00000034   Code   RO         2695    i.xTimerPendFunctionCallFromISR  timers.o
    0x080070e0   0x0000002c   Code   RO         3136    locale$$code        c_w.l(lc_numeric_c.o)
    0x0800710c   0x0000002c   Code   RO         3157    locale$$code        c_w.l(lc_ctype_c.o)
    0x08007138   0x00000004   Code   RO         3068    x$fpl$printf1       fz_ws.l(printf1.o)
    0x0800713c   0x00000000   Code   RO         3148    x$fpl$usenofp       fz_ws.l(usenofp.o)
    0x0800713c   0x0000004c   Data   RO          234    .constdata          main.o
    0x08007188   0x00000028   Data   RO         2970    .constdata          c_w.l(_printf_hex_int_ll_ptr.o)
    0x080071b0   0x00000011   Data   RO         2990    .constdata          c_w.l(__printf_flags_ss_wp.o)
    0x080071c1   0x00000003   PAD
    0x080071c4   0x00000008   Data   RO         3038    .constdata          c_w.l(_printf_wctomb.o)
    0x080071cc   0x00000094   Data   RO         3111    .constdata          c_w.l(bigflt0.o)
    0x08007260   0x00000036   Data   RO          235    .conststring        main.o
    0x08007296   0x00000002   PAD
    0x08007298   0x00000020   Data   RO         3279    Region$$Table       anon$$obj.o
    0x080072b8   0x0000001c   Data   RO         3135    locale$$data        c_w.l(lc_numeric_c.o)
    0x080072d4   0x00000110   Data   RO         3156    locale$$data        c_w.l(lc_ctype_c.o)


    Execution Region ER_RW (Base: 0x20000000, Size: 0x00000138, Max: 0xffffffff, ABSOLUTE, COMPRESSED[0x00000030])

    Base Addr    Size         Type   Attr      Idx    E Section Name        Object

    0x20000000   0x0000004c   Data   RW          236    .data               main.o
    0x2000004c   0x00000004   Data   RW          338    .data               delay.o
    0x20000050   0x00000004   Data   RW          369    .data               usart1.o
    0x20000054   0x00000004   Data   RW          401    .data               usart2.o
    0x20000058   0x00000041   Data   RW          536    .data               mqtt.o
    0x20000099   0x00000003   Data   RW          705    .data               bh1750.o
    0x2000009c   0x00000014   Data   RW          782    .data               system_stm32f10x.o
    0x200000b0   0x00000014   Data   RW          887    .data               stm32f10x_rcc.o
    0x200000c4   0x0000003c   Data   RW         2372    .data               tasks.o
    0x20000100   0x00000014   Data   RW         2697    .data               timers.o
    0x20000114   0x00000018   Data   RW         2813    .data               heap_4.o
    0x2000012c   0x0000000c   Data   RW         2864    .data               port.o


    Execution Region ER_ZI (Base: 0x20000138, Size: 0x00007670, Max: 0xffffffff, ABSOLUTE)

    Base Addr    Size         Type   Attr      Idx    E Section Name        Object

    0x20000138   0x00000800   Zero   RW          400    .bss                usart2.o
    0x20000938   0x000014c0   Zero   RW          535    .bss                mqtt.o
    0x20001df8   0x00000040   Zero   RW         2122    .bss                queue.o
    0x20001e38   0x000002e4   Zero   RW         2371    .bss                tasks.o
    0x2000211c   0x00000028   Zero   RW         2696    .bss                timers.o
    0x20002144   0x00005000   Zero   RW         2812    .bss                heap_4.o
    0x20007144   0x00000060   Zero   RW         3152    .bss                c_w.l(libspace.o)
    0x200071a4   0x00000004   PAD
    0x200071a8   0x00000200   Zero   RW          813    HEAP                startup_stm32f10x_hd.o
    0x200073a8   0x00000400   Zero   RW          812    STACK               startup_stm32f10x_hd.o


==============================================================================

Image component sizes


      Code (inc. data)   RO Data    RW Data    ZI Data      Debug   Object Name

       802         98          0          3          0       6395   bh1750.o
       124         26          0          0          0        756   control.o
         0          0          0          0          0         32   core_cm3.o
       224         26          0          4          0       1999   delay.o
       434         22          0          0          0       3688   dht11.o
       836        144          0          0          0      17335   event_groups.o
       752        176          0         24      20480       4047   heap_4.o
       164         28          0          0          0       2441   led.o
       148          0          0          0          0       3242   list.o
      2496        950        130         76          0      12485   main.o
       172         22          0          0          0       2105   misc.o
      1688        310          0         65       5312       7282   mqtt.o
       950        320          0         12          0      10569   port.o
      2164        238          0          0         64      13417   queue.o
        64         26        304          0       1536        840   startup_stm32f10x_hd.o
       314          0          0          0          0       4308   stm32f10x_gpio.o
       440         76          0          0          0     271643   stm32f10x_it.o
       340         44          0         20          0       5676   stm32f10x_rcc.o
       738        106          0          0          0       4984   stm32f10x_tim.o
       572         28          0          0          0       5707   stm32f10x_usart.o
       328         28          0         20          0       2337   system_stm32f10x.o
      4498       1208          0         60        740      34546   tasks.o
       224          8          0          0          0       1219   timer3.o
       104          6          0          0          0        708   timer4.o
      1362        316          0         20         40       9739   timers.o
       160         14          0          4          0       3608   usart1.o
       336         24          0          4       2048       3361   usart2.o
      1516        792          0          0          0       4026   wifi.o

    ----------------------------------------------------------------------
     21982       5036        468        312      30220     438495   Object Totals
         0          0         32          0          0          0   (incl. Generated)
        32          0          2          0          0          0   (incl. Padding)

    ----------------------------------------------------------------------

      Code (inc. data)   RO Data    RW Data    ZI Data      Debug   Library Member Name

        24          4          0          0          0         84   __2printf.o
        44          6          0          0          0         84   __2sprintf.o
        90          0          0          0          0          0   __dczerorl2.o
         8          0          0          0          0         68   __main.o
       392          4         17          0          0         92   __printf_flags_ss_wp.o
        14          0          0          0          0         68   __printf_wp.o
         0          0          0          0          0          0   __rtentry.o
        12          0          0          0          0          0   __rtentry2.o
         6          0          0          0          0          0   __rtentry4.o
        52          8          0          0          0          0   __scatter.o
        28          0          0          0          0          0   __scatter_zi.o
         6          0          0          0          0          0   _printf_a.o
         6          0          0          0          0          0   _printf_c.o
        44          0          0          0          0        108   _printf_char.o
        48          6          0          0          0         96   _printf_char_common.o
        36          4          0          0          0         80   _printf_char_file.o
        40          0          0          0          0         68   _printf_charcount.o
         6          0          0          0          0          0   _printf_d.o
       120         16          0          0          0         92   _printf_dec.o
         6          0          0          0          0          0   _printf_e.o
         6          0          0          0          0          0   _printf_f.o
      1050          0          0          0          0        216   _printf_fp_dec.o
       128         16          0          0          0         84   _printf_fp_infnan.o
         6          0          0          0          0          0   _printf_g.o
       148          4         40          0          0        160   _printf_hex_int_ll_ptr.o
         6          0          0          0          0          0   _printf_i.o
       178          0          0          0          0         88   _printf_intcommon.o
        10          0          0          0          0          0   _printf_l.o
         6          0          0          0          0          0   _printf_lc.o
        10          0          0          0          0          0   _printf_ll.o
         6          0          0          0          0          0   _printf_lld.o
         6          0          0          0          0          0   _printf_lli.o
         6          0          0          0          0          0   _printf_llo.o
         6          0          0          0          0          0   _printf_llu.o
         6          0          0          0          0          0   _printf_llx.o
       124         16          0          0          0         92   _printf_longlong_dec.o
         6          0          0          0          0          0   _printf_ls.o
         6          0          0          0          0          0   _printf_n.o
         6          0          0          0          0          0   _printf_o.o
       112          8          0          0          0        124   _printf_oct_int_ll.o
         6          0          0          0          0          0   _printf_p.o
        78          0          0          0          0        108   _printf_pad.o
         0          0          0          0          0          0   _printf_percent.o
         4          0          0          0          0          0   _printf_percent_end.o
         6          0          0          0          0          0   _printf_s.o
        82          0          0          0          0         80   _printf_str.o
        36          0          0          0          0         84   _printf_truncate.o
         6          0          0          0          0          0   _printf_u.o
        44          0          0          0          0        108   _printf_wchar.o
       188          6          8          0          0         92   _printf_wctomb.o
         6          0          0          0          0          0   _printf_x.o
        10          0          0          0          0         68   _sputc.o
        64          0          0          0          0         92   _wcrtomb.o
        16          0          0          0          0         68   aeabi_memset.o
       220          4        148          0          0         96   bigflt0.o
      1910        128          0          0          0        672   btod.o
        36          4          0          0          0         76   c89vsprintf.o
        18          0          0          0          0         80   exit.o
         8          0          0          0          0         68   ferror.o
         6          0          0          0          0        152   heapauxi.o
        44         10        272          0          0         76   lc_ctype_c.o
        44         10         28          0          0         76   lc_numeric_c.o
         2          0          0          0          0          0   libinit.o
        30          0          0          0          0          0   libinit2.o
         2          0          0          0          0          0   libshutdown.o
         2          0          0          0          0          0   libshutdown2.o
         8          4          0          0         96         68   libspace.o
       138          0          0          0          0         80   lludiv10.o
        88          0          0          0          0         76   memcmp.o
        16          4          0          0          0         76   rt_ctype_table.o
         8          4          0          0          0         68   rt_locale_intlibspace.o
        68          0          0          0          0         68   rt_memclr.o
        78          0          0          0          0         80   rt_memclr_w.o
       138          0          0          0          0         68   rt_memcpy_v6.o
       100          0          0          0          0         80   rt_memcpy_w.o
         2          0          0          0          0          0   rtexit.o
        10          0          0          0          0          0   rtexit2.o
       128          0          0          0          0         68   strcmpv7m.o
        62          0          0          0          0         76   strlen.o
        36          0          0          0          0         80   strstr.o
        74          0          0          0          0         80   sys_stackheap_outer.o
         2          0          0          0          0         68   use_no_semi.o
         2          0          0          0          0         68   use_no_semi_2.o
         4          0          0          0          0         68   printf1.o
         0          0          0          0          0          0   usenofp.o
        40          0          0          0          0         68   fpclassify.o

    ----------------------------------------------------------------------
      6702        266        516          0        100       4840   Library Totals
        18          0          3          0          4          0   (incl. Padding)

    ----------------------------------------------------------------------

      Code (inc. data)   RO Data    RW Data    ZI Data      Debug   Library Name

      6640        266        513          0         96       4704   c_w.l
         4          0          0          0          0         68   fz_ws.l
        40          0          0          0          0         68   m_ws.l

    ----------------------------------------------------------------------
      6702        266        516          0        100       4840   Library Totals

    ----------------------------------------------------------------------

==============================================================================


      Code (inc. data)   RO Data    RW Data    ZI Data      Debug   

     28684       5302        984        312      30320     431371   Grand Totals
     28684       5302        984         48      30320     431371   ELF Image Totals (compressed)
     28684       5302        984         48          0          0   ROM Totals

==============================================================================

    Total RO  Size (Code + RO Data)                29668 (  28.97kB)
    Total RW  Size (RW Data + ZI Data)             30632 (  29.91kB)
    Total ROM Size (Code + RO Data + RW Data)      29716 (  29.02kB)

==============================================================================

